BL51 BANKED LINKER/LOCATER V6.22                                                        03/12/2022  18:23:31  PAGE 1


BL51 BANKED LINKER/LOCATER V6.22, INVOKED BY:
D:\PROGRAM FILES (X86)\KEIL\KEIL_V533\C51\BIN\BL51.EXE ..\Obj\main.obj, ..\Obj\KalmanFilter.obj, ..\Obj\fifoqueue.obj, .
>> .\Obj\modbus.obj, ..\Obj\crc.obj, ..\Obj\isr.obj, ..\Obj\GPIO.obj, ..\Obj\UART.obj, ..\Obj\SPI.obj, ..\Obj\timer.obj,
>>  ..\Obj\ADC.obj, ..\Obj\EEPROM.obj, ..\Obj\INT.obj, ..\Obj\WDT.obj, ..\Obj\AD7124_8.obj, ..\Obj\DAC7611.obj, ..\Obj\d
>> elay.obj, ..\Obj\myMath.obj TO ..\Obj\temptrans PRINT (.\Listings\temptrans.m51) RAMSIZE (256)


MEMORY MODEL: LARGE WITH FLOATING POINT ARITHMETIC


INPUT MODULES INCLUDED:
  ..\Obj\main.obj (MAIN)
  ..\Obj\KalmanFilter.obj (KALMANFILTER)
  ..\Obj\fifoqueue.obj (FIFOQUEUE)
  ..\Obj\modbus.obj (MODBUS)
  ..\Obj\crc.obj (CRC)
  ..\Obj\isr.obj (ISR)
  ..\Obj\GPIO.obj (GPIO)
  ..\Obj\UART.obj (UART)
  ..\Obj\SPI.obj (SPI)
  ..\Obj\timer.obj (TIMER)
  ..\Obj\ADC.obj (ADC)
  ..\Obj\EEPROM.obj (EEPROM)
  ..\Obj\INT.obj (INT)
  ..\Obj\WDT.obj (WDT)
  ..\Obj\AD7124_8.obj (AD7124_8)
  ..\Obj\DAC7611.obj (DAC7611)
  ..\Obj\delay.obj (DELAY)
  ..\Obj\myMath.obj (MYMATH)
  D:\PROGRAM FILES (X86)\KEIL\KEIL_V533\C51\LIB\C51FPL.LIB (?C?FPADD)
  D:\PROGRAM FILES (X86)\KEIL\KEIL_V533\C51\LIB\C51FPL.LIB (?C?FPMUL)
  D:\PROGRAM FILES (X86)\KEIL\KEIL_V533\C51\LIB\C51FPL.LIB (?C?FPDIV)
  D:\PROGRAM FILES (X86)\KEIL\KEIL_V533\C51\LIB\C51FPL.LIB (?C?FPNEG)
  D:\PROGRAM FILES (X86)\KEIL\KEIL_V533\C51\LIB\C51FPL.LIB (?C?FCAST)
  D:\PROGRAM FILES (X86)\KEIL\KEIL_V533\C51\LIB\C51FPL.LIB (?C?CASTF)
  D:\PROGRAM FILES (X86)\KEIL\KEIL_V533\C51\LIB\C51FPL.LIB (?C?FPGETOPN)
  D:\PROGRAM FILES (X86)\KEIL\KEIL_V533\C51\LIB\C51L.LIB (?C_STARTUP)
  D:\PROGRAM FILES (X86)\KEIL\KEIL_V533\C51\LIB\C51L.LIB (?C?COPY)
  D:\PROGRAM FILES (X86)\KEIL\KEIL_V533\C51\LIB\C51L.LIB (?C?CLDPTR)
  D:\PROGRAM FILES (X86)\KEIL\KEIL_V533\C51\LIB\C51L.LIB (?C?CLDOPTR)
  D:\PROGRAM FILES (X86)\KEIL\KEIL_V533\C51\LIB\C51L.LIB (?C?CLDIOPTR)
  D:\PROGRAM FILES (X86)\KEIL\KEIL_V533\C51\LIB\C51L.LIB (?C?CILDOPTR)
  D:\PROGRAM FILES (X86)\KEIL\KEIL_V533\C51\LIB\C51L.LIB (?C?CSTPTR)
  D:\PROGRAM FILES (X86)\KEIL\KEIL_V533\C51\LIB\C51L.LIB (?C?CSTOPTR)
  D:\PROGRAM FILES (X86)\KEIL\KEIL_V533\C51\LIB\C51L.LIB (?C?IILDX)
  D:\PROGRAM FILES (X86)\KEIL\KEIL_V533\C51\LIB\C51L.LIB (?C?ILDIX)
  D:\PROGRAM FILES (X86)\KEIL\KEIL_V533\C51\LIB\C51L.LIB (?C?ILDPTR)
  D:\PROGRAM FILES (X86)\KEIL\KEIL_V533\C51\LIB\C51L.LIB (?C?ILDOPTR)
  D:\PROGRAM FILES (X86)\KEIL\KEIL_V533\C51\LIB\C51L.LIB (?C?ISTPTR)
  D:\PROGRAM FILES (X86)\KEIL\KEIL_V533\C51\LIB\C51L.LIB (?C?ISTOPTR)
  D:\PROGRAM FILES (X86)\KEIL\KEIL_V533\C51\LIB\C51L.LIB (?C?ULDIV)
  D:\PROGRAM FILES (X86)\KEIL\KEIL_V533\C51\LIB\C51L.LIB (?C?LNEG)
  D:\PROGRAM FILES (X86)\KEIL\KEIL_V533\C51\LIB\C51L.LIB (?C?ULSHR)
  D:\PROGRAM FILES (X86)\KEIL\KEIL_V533\C51\LIB\C51L.LIB (?C?SLSHR)
  D:\PROGRAM FILES (X86)\KEIL\KEIL_V533\C51\LIB\C51L.LIB (?C?LSHL)
  D:\PROGRAM FILES (X86)\KEIL\KEIL_V533\C51\LIB\C51L.LIB (?C?LLDPTR)
  D:\PROGRAM FILES (X86)\KEIL\KEIL_V533\C51\LIB\C51L.LIB (?C?LLDOPTR)
  D:\PROGRAM FILES (X86)\KEIL\KEIL_V533\C51\LIB\C51L.LIB (?C?LSTPTR)
BL51 BANKED LINKER/LOCATER V6.22                                                      03/12/2022  18:23:31  PAGE 2


  D:\PROGRAM FILES (X86)\KEIL\KEIL_V533\C51\LIB\C51L.LIB (?C?LSTOPTR)
  D:\PROGRAM FILES (X86)\KEIL\KEIL_V533\C51\LIB\C51L.LIB (?C?LLDCODE)
  D:\PROGRAM FILES (X86)\KEIL\KEIL_V533\C51\LIB\C51L.LIB (?C?LLDPTR0)
  D:\PROGRAM FILES (X86)\KEIL\KEIL_V533\C51\LIB\C51L.LIB (?C?LLDOPTR0)
  D:\PROGRAM FILES (X86)\KEIL\KEIL_V533\C51\LIB\C51L.LIB (?C?LSTXDATA)
  D:\PROGRAM FILES (X86)\KEIL\KEIL_V533\C51\LIB\C51L.LIB (?C?LSTKXDATA)
  D:\PROGRAM FILES (X86)\KEIL\KEIL_V533\C51\LIB\C51L.LIB (?C?PLDPTR)
  D:\PROGRAM FILES (X86)\KEIL\KEIL_V533\C51\LIB\C51L.LIB (?C?CCASE)
  D:\PROGRAM FILES (X86)\KEIL\KEIL_V533\C51\LIB\C51L.LIB (?C?ICASE)
  D:\PROGRAM FILES (X86)\KEIL\KEIL_V533\C51\LIB\C51L.LIB (?C?MEMSET)
  D:\PROGRAM FILES (X86)\KEIL\KEIL_V533\C51\LIB\C51L.LIB (?C_INIT)
  D:\PROGRAM FILES (X86)\KEIL\KEIL_V533\C51\LIB\C51L.LIB (?C?LLDIDATA)
  D:\PROGRAM FILES (X86)\KEIL\KEIL_V533\C51\LIB\C51L.LIB (?C?LLDXDATA)
  D:\PROGRAM FILES (X86)\KEIL\KEIL_V533\C51\LIB\C51L.LIB (?C?LLDPDATA)
  D:\PROGRAM FILES (X86)\KEIL\KEIL_V533\C51\LIB\C51L.LIB (?C?LLDIDATA0)
  D:\PROGRAM FILES (X86)\KEIL\KEIL_V533\C51\LIB\C51L.LIB (?C?LLDXDATA0)
  D:\PROGRAM FILES (X86)\KEIL\KEIL_V533\C51\LIB\C51L.LIB (?C?LLDPDATA0)
  D:\PROGRAM FILES (X86)\KEIL\KEIL_V533\C51\LIB\C51L.LIB (?C?LLDCODE0)
  D:\PROGRAM FILES (X86)\KEIL\KEIL_V533\C51\LIB\C51L.LIB (?C?LSTIDATA)
  D:\PROGRAM FILES (X86)\KEIL\KEIL_V533\C51\LIB\C51L.LIB (?C?LSTPDATA)
  D:\PROGRAM FILES (X86)\KEIL\KEIL_V533\C51\LIB\C51L.LIB (?C?PLDIDATA)
  D:\PROGRAM FILES (X86)\KEIL\KEIL_V533\C51\LIB\C51L.LIB (?C?PLDXDATA)
  D:\PROGRAM FILES (X86)\KEIL\KEIL_V533\C51\LIB\C51L.LIB (?C?PLDPDATA)
  D:\PROGRAM FILES (X86)\KEIL\KEIL_V533\C51\LIB\C51L.LIB (?C?PLDCODE)


LINK MAP OF MODULE:  ..\Obj\temptrans (MAIN)


            TYPE    BASE      LENGTH    RELOCATION   SEGMENT NAME
            -----------------------------------------------------

            * * * * * * *   D A T A   M E M O R Y   * * * * * * *
            REG     0000H     0008H     ABSOLUTE     "REG BANK 0"
                    0008H     0018H                  *** GAP ***
            BIT     0020H.0   0000H.3   UNIT         ?BI?TIMER1_INIT?TIMER
            BIT     0020H.3   0000H.3   UNIT         ?BI?TIMER2_INIT?TIMER
            BIT     0020H.6   0000H.3   UNIT         ?BI?TIMER3_INIT?TIMER
            BIT     0021H.1   0000H.3   UNIT         ?BI?TIMER4_INIT?TIMER
            BIT     0021H.4   0000H.2   UNIT         ?BI?MAIN
            BIT     0021H.6   0000H.1   UNIT         ?BI?_READCOILS?MODBUS
            BIT     0021H.7   0000H.1   UNIT         ?BI?_WRITEMUILCOILS?MODBUS
            BIT     0022H.0   0000H.1   UNIT         ?BI?_UARTINIT?UART
            BIT     0022H.1   0000H.1   UNIT         ?BI?UART
                    0022H.2   0000H.6                *** GAP ***
            IDATA   0023H     0001H     UNIT         ?STACK

            * * * * * * *  X D A T A   M E M O R Y  * * * * * * *
            XDATA   0000H     054DH     UNIT         ?XD?MAIN
            XDATA   054DH     0208H     UNIT         ?XD?MODBUSDATAPARSE?MODBUS
            XDATA   0755H     0200H     UNIT         ?XD?CRC
            XDATA   0955H     010EH     UNIT         ?XD?_MODBUSDATACHECK?MODBUS
            XDATA   0A63H     0106H     UNIT         ?XD?UART
            XDATA   0B69H     0102H     UNIT         ?XD?MODBUS
            XDATA   0C6BH     0038H     UNIT         ?XD?_AD7124_8_SETUPPRECONFIG?AD7124_8
            XDATA   0CA3H     001CH     UNIT         ?XD?_AD7124_8_ADCCONTROLPRECONFIG?AD7124_8
            XDATA   0CBFH     001CH     UNIT         ?XD?AD7124_8_INIT_SETUP?AD7124_8
BL51 BANKED LINKER/LOCATER V6.22                                                      03/12/2022  18:23:31  PAGE 3


            XDATA   0CDBH     0014H     UNIT         ?XD?_Q_RSQRT?MYMATH
            XDATA   0CEFH     0013H     UNIT         ?XD?_READHOLDREGS?MODBUS
            XDATA   0D02H     0013H     UNIT         ?XD?_READINPUTREGS?MODBUS
            XDATA   0D15H     0013H     UNIT         ?XD?_AD7124_8_CHANNELPRECONFIG?AD7124_8
            XDATA   0D28H     0012H     UNIT         ?XD?_AD7124_8_IOPRECONFIG?AD7124_8
            XDATA   0D3AH     000FH     UNIT         ?XD?_WRITEMUILCOILS?MODBUS
            XDATA   0D49H     000EH     UNIT         ?XD?_READCOILS?MODBUS
            XDATA   0D57H     000EH     UNIT         ?XD?AD7124_8_INIT_ADCCONTROL?AD7124_8
            XDATA   0D65H     000DH     UNIT         ?XD?_WRITEMUILREGS?MODBUS
            XDATA   0D72H     000AH     UNIT         ?XD?_WRITESINGLECOIL?MODBUS
            XDATA   0D7CH     0009H     UNIT         ?XD?_IAPREAD?EEPROM
            XDATA   0D85H     0009H     UNIT         ?XD?_IAPWRITE?EEPROM
            XDATA   0D8EH     0009H     UNIT         ?XD?AD7124_8_INIT_SINGLECHANNELCONFIGURATON?AD7124_8
            XDATA   0D97H     0009H     UNIT         ?XD?AD7124_8_INIT_IO?AD7124_8
            XDATA   0DA0H     0009H     UNIT         ?XD?_DELAY_X_MS?DELAY
            XDATA   0DA9H     0008H     UNIT         ?XD?_ENQUEUE?FIFOQUEUE
            XDATA   0DB1H     0008H     UNIT         ?XD?_DEQUEUE?FIFOQUEUE
            XDATA   0DB9H     0007H     UNIT         ?XD?_KALMANFILTER?KALMANFILTER
            XDATA   0DC0H     0007H     UNIT         ?XD?_MODBUSREADVERSION?MODBUS
            XDATA   0DC7H     0007H     UNIT         ?XD?_MODBUSREADMAC?MODBUS
            XDATA   0DCEH     0007H     UNIT         ?XD?_WRITESINGLEREG?MODBUS
            XDATA   0DD5H     0007H     UNIT         ?XD?_CRC16?CRC
            XDATA   0DDCH     0007H     UNIT         ?XD?TIMER
            XDATA   0DE3H     0006H     UNIT         ?XD?EEPROMINIT?MAIN
            XDATA   0DE9H     0006H     UNIT         ?XD?_UARTSENDSTRING?UART
            XDATA   0DEFH     0005H     UNIT         ?XD?_WRITEREGDATA?MODBUS
            XDATA   0DF4H     0005H     UNIT         ?XD?_GETREGDATA?MODBUS
            XDATA   0DF9H     0005H     UNIT         ?XD?TIMER1_INIT?TIMER
            XDATA   0DFEH     0005H     UNIT         ?XD?TIMER2_INIT?TIMER
            XDATA   0E03H     0004H     UNIT         ?XD?_ERRORSEND?MODBUS
            XDATA   0E07H     0004H     UNIT         ?XD?_SETCOILDATA?MODBUS
            XDATA   0E0BH     0004H     UNIT         ?XD?TIMER3_INIT?TIMER
            XDATA   0E0FH     0004H     UNIT         ?XD?TIMER4_INIT?TIMER
            XDATA   0E13H     0004H     UNIT         ?XD?_ADC_INIT?ADC
            XDATA   0E17H     0004H     UNIT         ?XD?_ADC_GET?ADC
            XDATA   0E1BH     0004H     UNIT         ?XD?_INT_INIT?INT
            XDATA   0E1FH     0003H     UNIT         ?XD?_QUEUEINIT?FIFOQUEUE
            XDATA   0E22H     0003H     UNIT         ?XD?_GETQUEUELENGTH?FIFOQUEUE
            XDATA   0E25H     0003H     UNIT         ?XD?_GETCOILDATA?MODBUS
            XDATA   0E28H     0003H     UNIT         ?XD?_UARTINIT?UART
            XDATA   0E2BH     0003H     UNIT         ?XD?_UARTSENDBYTE?UART
            XDATA   0E2EH     0003H     UNIT         ?XD?_WDT_INILIZE?WDT
            XDATA   0E31H     0003H     UNIT         ?XD?_ADC?AD7124_8
            XDATA   0E34H     0003H     UNIT         ?XD?_INTERNALFULLSCALECALIBRATE?AD7124_8
            XDATA   0E37H     0003H     UNIT         ?XD?_INTERNALZEROSCALECALIBRATE?AD7124_8
            XDATA   0E3AH     0003H     UNIT         ?XD?_DAC?DAC7611
            XDATA   0E3DH     0003H     UNIT         ?XD?_EXACT_DELAY?DELAY
            XDATA   0E40H     0002H     UNIT         ?XD?_IAPERASE?EEPROM
            XDATA   0E42H     0002H     UNIT         ?XD?_N_NOP?DAC7611
            XDATA   0E44H     0002H     UNIT         ?XD?_DELAY_X_US?DELAY
            XDATA   0E46H     0001H     UNIT         ?XD?MAIN?MAIN
            XDATA   0E47H     0001H     UNIT         ?XD?SYSINIT?MAIN
            XDATA   0E48H     0001H     UNIT         ?XD?_SPI_WRITE_READ?SPI
            XDATA   0E49H     0001H     UNIT         ?XD?INT

            * * * * * * *   C O D E   M E M O R Y   * * * * * * *
            CODE    0000H     0003H     ABSOLUTE     
BL51 BANKED LINKER/LOCATER V6.22                                                      03/12/2022  18:23:31  PAGE 4


            CODE    0003H     0010H     UNIT         ?PR?DISABLEIAP?EEPROM
            CODE    0013H     0003H     ABSOLUTE     
            CODE    0016H     0004H     UNIT         ?PR?TIMER3_START?TIMER
            CODE    001AH     0004H     UNIT         ?PR?TIMER3_STOP?TIMER
            CODE    001EH     0004H     UNIT         ?PR?TIMER4_START?TIMER
                    0022H     0001H                  *** GAP ***
            CODE    0023H     0003H     ABSOLUTE     
            CODE    0026H     0038H     UNIT         ?PR?_GETCOILDATA?MODBUS
            CODE    005EH     0004H     UNIT         ?PR?TIMER4_STOP?TIMER
                    0062H     0001H                  *** GAP ***
            CODE    0063H     0003H     ABSOLUTE     
            CODE    0066H     0032H     UNIT         ?PR?_IAPERASE?EEPROM
                    0098H     0003H                  *** GAP ***
            CODE    009BH     0003H     ABSOLUTE     
            CODE    009EH     0004H     UNIT         ?PR?WDT_CLEAR?WDT
                    00A2H     0001H                  *** GAP ***
            CODE    00A3H     0003H     ABSOLUTE     
            CODE    00A6H     008CH     UNIT         ?C_C51STARTUP
                    0132H     0001H                  *** GAP ***
            CODE    0133H     0003H     ABSOLUTE     
            CODE    0136H     099CH     UNIT         ?C?LIB_CODE
            CODE    0AD2H     06A4H     UNIT         ?PR?_MODBUSDATACHECK?MODBUS
            CODE    1176H     0665H     UNIT         ?PR?MAIN?MAIN
            CODE    17DBH     0495H     UNIT         ?PR?SYSINIT?MAIN
            CODE    1C70H     0420H     UNIT         ?PR?_WRITEMUILCOILS?MODBUS
            CODE    2090H     041CH     UNIT         ?PR?_READHOLDREGS?MODBUS
            CODE    24ACH     041CH     UNIT         ?PR?_READINPUTREGS?MODBUS
            CODE    28C8H     03DDH     UNIT         ?PR?_WRITEMUILREGS?MODBUS
            CODE    2CA5H     03D4H     UNIT         ?C_INITSEG
            CODE    3079H     03BDH     UNIT         ?PR?_READCOILS?MODBUS
            CODE    3436H     0379H     UNIT         ?PR?_WRITESINGLEREG?MODBUS
            CODE    37AFH     0361H     UNIT         ?PR?EEPROMINIT?MAIN
            CODE    3B10H     02B0H     UNIT         ?PR?_WRITESINGLECOIL?MODBUS
            CODE    3DC0H     01DDH     UNIT         ?PR?_Q_RSQRT?MYMATH
            CODE    3F9DH     01B3H     UNIT         ?PR?_MODBUSREADVERSION?MODBUS
            CODE    4150H     01B3H     UNIT         ?PR?_MODBUSREADMAC?MODBUS
            CODE    4303H     018FH     UNIT         ?CO?AD7124_8
            CODE    4492H     0187H     UNIT         ?PR?_INTERNALFULLSCALECALIBRATE?AD7124_8
            CODE    4619H     0185H     UNIT         ?PR?_KALMANFILTER?KALMANFILTER
            CODE    479EH     016EH     UNIT         ?PR?_ADC?AD7124_8
            CODE    490CH     0140H     UNIT         ?PR?_INTERNALZEROSCALECALIBRATE?AD7124_8
            CODE    4A4CH     0120H     UNIT         ?PR?TIMER3ISR?TIMER
            CODE    4B6CH     011AH     UNIT         ?PR?UART1ISR?UART
            CODE    4C86H     0100H     UNIT         ?PR?_AD7124_8_SETUPPRECONFIG?AD7124_8
            CODE    4D86H     00E3H     UNIT         ?PR?_ENQUEUE?FIFOQUEUE
            CODE    4E69H     00D8H     UNIT         ?PR?_DEQUEUE?FIFOQUEUE
            CODE    4F41H     00D3H     UNIT         ?PR?_UARTINIT?UART
            CODE    5014H     00CBH     UNIT         ?PR?_DELAY_X_MS?DELAY
            CODE    50DFH     00BBH     UNIT         ?PR?_GETREGDATA?MODBUS
            CODE    519AH     00B7H     UNIT         ?PR?AD7124_8_INIT_SETUP?AD7124_8
            CODE    5251H     009FH     UNIT         ?PR?_IAPWRITE?EEPROM
            CODE    52F0H     009EH     UNIT         ?PR?_IAPREAD?EEPROM
            CODE    538EH     009CH     UNIT         ?PR?_ADC_INIT?ADC
            CODE    542AH     009BH     UNIT         ?PR?TIMER2_INIT?TIMER
            CODE    54C5H     009BH     UNIT         ?PR?_DAC?DAC7611
            CODE    5560H     0098H     UNIT         ?PR?MODBUSDATAPARSE?MODBUS
            CODE    55F8H     0096H     UNIT         ?PR?_CRC16?CRC
BL51 BANKED LINKER/LOCATER V6.22                                                      03/12/2022  18:23:31  PAGE 5


            CODE    568EH     0095H     UNIT         ?PR?TIMER1_INIT?TIMER
            CODE    5723H     0094H     UNIT         ?PR?_AD7124_8_ADCCONTROLPRECONFIG?AD7124_8
            CODE    57B7H     0093H     UNIT         ?PR?TIMER3_INIT?TIMER
            CODE    584AH     0093H     UNIT         ?PR?TIMER4_INIT?TIMER
            CODE    58DDH     0090H     UNIT         ?PR?_ERRORSEND?MODBUS
            CODE    596DH     008FH     UNIT         ?PR?_ADC_GET?ADC
            CODE    59FCH     007DH     UNIT         ?PR?_UARTSENDBYTE?UART
            CODE    5A79H     007CH     UNIT         ?PR?AD7124_8_INIT_IO?AD7124_8
            CODE    5AF5H     0073H     UNIT         ?PR?AD7124_8_INIT_ADCCONTROL?AD7124_8
            CODE    5B68H     0070H     UNIT         ?PR?_AD7124_8_CHANNELPRECONFIG?AD7124_8
            CODE    5BD8H     006EH     UNIT         ?PR?_INT_INIT?INT
            CODE    5C46H     006DH     UNIT         ?PR?_WRITEREGDATA?MODBUS
            CODE    5CB3H     0067H     UNIT         ?PR?_AD7124_8_IOPRECONFIG?AD7124_8
            CODE    5D1AH     0063H     UNIT         ?PR?_WDT_INILIZE?WDT
            CODE    5D7DH     0062H     UNIT         ?PR?TIMERINIT?MAIN
            CODE    5DDFH     0057H     UNIT         ?PR?AD7124_8_INIT_SINGLECHANNELCONFIGURATON?AD7124_8
            CODE    5E36H     0054H     UNIT         ?PR?TIMER2ISR?TIMER
            CODE    5E8AH     004AH     UNIT         ?PR?_QUEUEINIT?FIFOQUEUE
            CODE    5ED4H     004AH     UNIT         ?PR?_GETQUEUELENGTH?FIFOQUEUE
            CODE    5F1EH     0046H     UNIT         ?PR?TIMER4ISR?TIMER
            CODE    5F64H     0042H     UNIT         ?PR?_UARTSENDSTRING?UART
            CODE    5FA6H     003FH     UNIT         ?PR?_SETCOILDATA?MODBUS
            CODE    5FE5H     0031H     UNIT         ?PR?IO_INIT?GPIO
            CODE    6016H     002EH     UNIT         ?PR?_EXACT_DELAY?DELAY
            CODE    6044H     0023H     UNIT         ?CO?MAIN
            CODE    6067H     001EH     UNIT         ?PR?_N_NOP?DAC7611
            CODE    6085H     001BH     UNIT         ?PR?INT1_ISR?INT
            CODE    60A0H     001BH     UNIT         ?PR?_DELAY_X_US?DELAY
            CODE    60BBH     0018H     UNIT         ?CO?KALMANFILTER
            CODE    60D3H     0017H     UNIT         ?PR?_SPI_WRITE_READ?SPI
            CODE    60EAH     0013H     UNIT         ?PR?SPIINIT?SPI
            CODE    60FDH     0013H     UNIT         ?PR?IAPTRIG?EEPROM



OVERLAY MAP OF MODULE:   ..\Obj\temptrans (MAIN)


SEGMENT
  +--> CALLED SEGMENT
---------------------
?PR?UART1ISR?UART
  +--> ?PR?TIMER3_START?TIMER
  +--> ?PR?TIMER3_STOP?TIMER

*** NEW ROOT ***************************************************

?PR?TIMER3ISR?TIMER
  +--> ?PR?TIMER3_STOP?TIMER
  +--> ?PR?_ENQUEUE?FIFOQUEUE

*** NEW ROOT ***************************************************

?C_C51STARTUP
  +--> ?PR?MAIN?MAIN
  +--> ?C_INITSEG

BL51 BANKED LINKER/LOCATER V6.22                                                      03/12/2022  18:23:31  PAGE 6


?PR?MAIN?MAIN
  +--> ?CO?KALMANFILTER
  +--> ?PR?SYSINIT?MAIN
  +--> ?PR?_DELAY_X_MS?DELAY
  +--> ?PR?_ADC?AD7124_8
  +--> ?PR?_KALMANFILTER?KALMANFILTER
  +--> ?PR?_Q_RSQRT?MYMATH
  +--> ?PR?_DAC?DAC7611
  +--> ?PR?_GETQUEUELENGTH?FIFOQUEUE
  +--> ?PR?MODBUSDATAPARSE?MODBUS
  +--> ?PR?WDT_CLEAR?WDT

?PR?SYSINIT?MAIN
  +--> ?PR?IO_INIT?GPIO
  +--> ?PR?_QUEUEINIT?FIFOQUEUE
  +--> ?PR?SPIINIT?SPI
  +--> ?PR?_AD7124_8_CHANNELPRECONFIG?AD7124_8
  +--> ?PR?_AD7124_8_SETUPPRECONFIG?AD7124_8
  +--> ?PR?_AD7124_8_ADCCONTROLPRECONFIG?AD7...
  +--> ?PR?_AD7124_8_IOPRECONFIG?AD7124_8
  +--> ?PR?_DELAY_X_MS?DELAY
  +--> ?PR?_DELAY_X_US?DELAY
  +--> ?PR?_SPI_WRITE_READ?SPI
  +--> ?PR?_INTERNALFULLSCALECALIBRATE?AD7124_8
  +--> ?PR?_INTERNALZEROSCALECALIBRATE?AD7124_8
  +--> ?PR?AD7124_8_INIT_SINGLECHANNELCONFIG...
  +--> ?PR?AD7124_8_INIT_SETUP?AD7124_8
  +--> ?PR?AD7124_8_INIT_IO?AD7124_8
  +--> ?PR?AD7124_8_INIT_ADCCONTROL?AD7124_8
  +--> ?PR?_INT_INIT?INT
  +--> ?PR?EEPROMINIT?MAIN
  +--> ?PR?TIMERINIT?MAIN
  +--> ?PR?_WDT_INILIZE?WDT

?PR?_DELAY_X_MS?DELAY
  +--> ?PR?_EXACT_DELAY?DELAY

?PR?_INTERNALFULLSCALECALIBRATE?AD7124_8
  +--> ?PR?_SPI_WRITE_READ?SPI
  +--> ?PR?_DELAY_X_MS?DELAY

?PR?_INTERNALZEROSCALECALIBRATE?AD7124_8
  +--> ?PR?_SPI_WRITE_READ?SPI
  +--> ?PR?_DELAY_X_MS?DELAY

?PR?AD7124_8_INIT_SINGLECHANNELCONFIG...
  +--> ?PR?_SPI_WRITE_READ?SPI
  +--> ?PR?_DELAY_X_MS?DELAY

?PR?AD7124_8_INIT_SETUP?AD7124_8
  +--> ?PR?_SPI_WRITE_READ?SPI
  +--> ?PR?_DELAY_X_MS?DELAY

?PR?AD7124_8_INIT_IO?AD7124_8
  +--> ?PR?_SPI_WRITE_READ?SPI
  +--> ?PR?_DELAY_X_MS?DELAY

BL51 BANKED LINKER/LOCATER V6.22                                                      03/12/2022  18:23:31  PAGE 7


?PR?AD7124_8_INIT_ADCCONTROL?AD7124_8
  +--> ?PR?_SPI_WRITE_READ?SPI
  +--> ?PR?_DELAY_X_MS?DELAY

?PR?EEPROMINIT?MAIN
  +--> ?CO?MAIN
  +--> ?PR?_IAPREAD?EEPROM
  +--> ?PR?_IAPERASE?EEPROM
  +--> ?CO?AD7124_8

?PR?_IAPREAD?EEPROM
  +--> ?PR?IAPTRIG?EEPROM
  +--> ?PR?DISABLEIAP?EEPROM

?PR?_IAPERASE?EEPROM
  +--> ?PR?IAPTRIG?EEPROM
  +--> ?PR?DISABLEIAP?EEPROM

?PR?TIMERINIT?MAIN
  +--> ?PR?TIMER1_INIT?TIMER
  +--> ?PR?TIMER2_INIT?TIMER
  +--> ?PR?TIMER3_INIT?TIMER
  +--> ?PR?TIMER4_INIT?TIMER
  +--> ?PR?_UARTINIT?UART

?PR?_ADC?AD7124_8
  +--> ?PR?_SPI_WRITE_READ?SPI

?PR?_DAC?DAC7611
  +--> ?PR?_N_NOP?DAC7611

?PR?MODBUSDATAPARSE?MODBUS
  +--> ?PR?_MODBUSDATACHECK?MODBUS
  +--> ?PR?_READCOILS?MODBUS
  +--> ?PR?_READHOLDREGS?MODBUS
  +--> ?PR?_READINPUTREGS?MODBUS
  +--> ?PR?_WRITESINGLECOIL?MODBUS
  +--> ?PR?_WRITESINGLEREG?MODBUS
  +--> ?PR?_WRITEMUILCOILS?MODBUS
  +--> ?PR?_WRITEMUILREGS?MODBUS
  +--> ?PR?_ERRORSEND?MODBUS

?PR?_MODBUSDATACHECK?MODBUS
  +--> ?PR?_DEQUEUE?FIFOQUEUE
  +--> ?PR?_CRC16?CRC
  +--> ?PR?_ERRORSEND?MODBUS

?PR?_ERRORSEND?MODBUS
  +--> ?PR?_CRC16?CRC
  +--> ?PR?_UARTSENDSTRING?UART

?PR?_UARTSENDSTRING?UART
  +--> ?PR?_UARTSENDBYTE?UART

?PR?_READCOILS?MODBUS
  +--> ?PR?_ERRORSEND?MODBUS
  +--> ?PR?_GETCOILDATA?MODBUS
BL51 BANKED LINKER/LOCATER V6.22                                                      03/12/2022  18:23:31  PAGE 8


  +--> ?PR?_CRC16?CRC
  +--> ?PR?_UARTSENDSTRING?UART

?PR?_READHOLDREGS?MODBUS
  +--> ?PR?_ERRORSEND?MODBUS
  +--> ?PR?_MODBUSREADVERSION?MODBUS
  +--> ?PR?_MODBUSREADMAC?MODBUS
  +--> ?PR?_GETREGDATA?MODBUS
  +--> ?PR?_CRC16?CRC
  +--> ?PR?_UARTSENDSTRING?UART

?PR?_MODBUSREADVERSION?MODBUS
  +--> ?CO?MAIN
  +--> ?PR?_CRC16?CRC
  +--> ?PR?_UARTSENDSTRING?UART

?PR?_MODBUSREADMAC?MODBUS
  +--> ?CO?MAIN
  +--> ?PR?_CRC16?CRC
  +--> ?PR?_UARTSENDSTRING?UART

?PR?_READINPUTREGS?MODBUS
  +--> ?PR?_ERRORSEND?MODBUS
  +--> ?PR?_MODBUSREADVERSION?MODBUS
  +--> ?PR?_MODBUSREADMAC?MODBUS
  +--> ?PR?_GETREGDATA?MODBUS
  +--> ?PR?_CRC16?CRC
  +--> ?PR?_UARTSENDSTRING?UART

?PR?_WRITESINGLECOIL?MODBUS
  +--> ?PR?_ERRORSEND?MODBUS
  +--> ?PR?_SETCOILDATA?MODBUS
  +--> ?PR?_CRC16?CRC
  +--> ?PR?_UARTSENDSTRING?UART

?PR?_WRITESINGLEREG?MODBUS
  +--> ?PR?_ERRORSEND?MODBUS
  +--> ?PR?_WRITEREGDATA?MODBUS
  +--> ?PR?_GETREGDATA?MODBUS
  +--> ?PR?_CRC16?CRC
  +--> ?PR?_UARTSENDSTRING?UART

?PR?_WRITEMUILCOILS?MODBUS
  +--> ?PR?_ERRORSEND?MODBUS
  +--> ?PR?_SETCOILDATA?MODBUS
  +--> ?PR?_CRC16?CRC
  +--> ?PR?_UARTSENDSTRING?UART

?PR?_WRITEMUILREGS?MODBUS
  +--> ?PR?_ERRORSEND?MODBUS
  +--> ?PR?_WRITEREGDATA?MODBUS
  +--> ?PR?_GETREGDATA?MODBUS
  +--> ?PR?_CRC16?CRC
  +--> ?PR?_UARTSENDSTRING?UART



BL51 BANKED LINKER/LOCATER V6.22                                                      03/12/2022  18:23:31  PAGE 9


SYMBOL TABLE OF MODULE:  ..\Obj\temptrans (MAIN)

  VALUE           TYPE          NAME
  ----------------------------------

  -------         MODULE        MAIN
  C:0000H         SYMBOL        _ICE_DUMMY_
  X:0000H         PUBLIC        fTemp
  D:0080H         PUBLIC        P0
  D:0090H         PUBLIC        P1
  D:00A0H         PUBLIC        P2
  D:00B0H         PUBLIC        P3
  D:00C0H         PUBLIC        P4
  D:00C8H         PUBLIC        P5
  B:00A8H.7       PUBLIC        EA
  D:00E8H         PUBLIC        P6
  D:00F8H         PUBLIC        P7
  C:6054H         PUBLIC        version
  X:0010H         PUBLIC        localAddr
  D:00A8H         PUBLIC        IE
  X:0011H         PUBLIC        adcControl
  X:001FH         PUBLIC        fRes
  X:003FH         PUBLIC        pKfp
  B:00B0H.5       PUBLIC        SPISS
  D:00B8H         PUBLIC        IP
  C:5D7DH         PUBLIC        TimerInit
  X:0042H         PUBLIC        coilValues
  X:004AH         PUBLIC        fKpfTemp
  D:00D8H         PUBLIC        CCON
  B:0021H.4       PUBLIC        dacFlag
  C:1176H         PUBLIC        main
  X:006AH         PUBLIC        pChnReg
  X:006DH         PUBLIC        chnValues
  B:0021H.5       PUBLIC        adcAvailable
  C:6044H         PUBLIC        mac
  X:007DH         PUBLIC        setup
  D:0098H         PUBLIC        SCON
  D:0088H         PUBLIC        TCON
  X:015DH         PUBLIC        kfps
  X:021DH         PUBLIC        chn
  D:00F0H         PUBLIC        B
  X:0265H         PUBLIC        kfp
  C:6064H         SYMBOL        _?ix1000
  X:0325H         PUBLIC        dacChn
  D:00E0H         PUBLIC        ACC
  X:0326H         PUBLIC        inputRegValues
  X:0336H         PUBLIC        wdt
  C:17DBH         PUBLIC        SysInit
  X:0339H         PUBLIC        nDataCntSq
  X:043BH         PUBLIC        chnReg
  C:37AFH         PUBLIC        EEPROMInit
  X:0442H         PUBLIC        sq
  X:0544H         PUBLIC        ad7124_8_io
  D:00D0H         PUBLIC        PSW
  -------         PROC          MAIN
  -------         DO            
  X:0E46H         SYMBOL        i
BL51 BANKED LINKER/LOCATER V6.22                                                      03/12/2022  18:23:31  PAGE 10


  -------         ENDDO         
  C:1176H         LINE#         62
  C:1176H         LINE#         63
  C:1176H         LINE#         65
  C:117BH         LINE#         67
  C:118FH         LINE#         68
  C:119EH         LINE#         70
  C:11AFH         LINE#         71
  C:11BFH         LINE#         72
  C:11BFH         LINE#         73
  C:11FDH         LINE#         74
  C:1205H         LINE#         76
  C:1208H         LINE#         78
  C:1208H         LINE#         84
  C:1208H         LINE#         86
  C:120FH         LINE#         89
  C:120FH         LINE#         104
  C:1211H         LINE#         105
  C:1213H         LINE#         106
  C:1215H         LINE#         109
  C:1215H         LINE#         111
  C:1215H         LINE#         112
  C:1215H         LINE#         116
  C:121CH         LINE#         117
  C:1222H         LINE#         118
  C:1222H         LINE#         119
  C:1224H         LINE#         121
  C:1232H         LINE#         133
  C:124AH         LINE#         134
  C:124AH         LINE#         135
  C:12C1H         LINE#         137
  C:1341H         LINE#         138
  C:1357H         LINE#         139
  C:1357H         LINE#         140
  C:13F2H         LINE#         141
  C:13F5H         LINE#         143
  C:13F5H         LINE#         144
  C:1747H         LINE#         145
  C:1747H         LINE#         146
  C:1787H         LINE#         147
  C:1787H         LINE#         158
  C:1787H         LINE#         160
  C:178AH         LINE#         161
  C:178AH         LINE#         162
  C:17C4H         LINE#         166
  C:17C4H         LINE#         167
  C:17D1H         LINE#         168
  C:17D1H         LINE#         169
  C:17D4H         LINE#         170
  C:17D4H         LINE#         171
  C:17D7H         LINE#         182
  C:17DAH         LINE#         183
  -------         ENDPROC       MAIN
  -------         PROC          SYSINIT
  -------         DO            
  X:0E47H         SYMBOL        i
  -------         ENDDO         
BL51 BANKED LINKER/LOCATER V6.22                                                      03/12/2022  18:23:31  PAGE 11


  C:17DBH         LINE#         184
  C:17DBH         LINE#         185
  C:17DBH         LINE#         187
  C:17E0H         LINE#         189
  C:17E3H         LINE#         191
  C:17ECH         LINE#         192
  C:17F5H         LINE#         193
  C:17F8H         LINE#         203
  C:180BH         LINE#         204
  C:180BH         LINE#         205
  C:18A7H         LINE#         206
  C:18B0H         LINE#         208
  C:18C3H         LINE#         209
  C:18C3H         LINE#         210
  C:198CH         LINE#         214
  C:1995H         LINE#         216
  C:19EAH         LINE#         218
  C:1A2BH         LINE#         227
  C:1A2DH         LINE#         228
  C:1A34H         LINE#         229
  C:1A36H         LINE#         230
  C:1A3DH         LINE#         233
  C:1A44H         LINE#         235
  C:1A54H         LINE#         236
  C:1A54H         LINE#         237
  C:1A59H         LINE#         238
  C:1A61H         LINE#         240
  C:1A66H         LINE#         241
  C:1A6BH         LINE#         242
  C:1A72H         LINE#         246
  C:1A77H         LINE#         247
  C:1A7CH         LINE#         248
  C:1A81H         LINE#         249
  C:1A88H         LINE#         251
  C:1A8DH         LINE#         252
  C:1A92H         LINE#         253
  C:1AA2H         LINE#         254
  C:1AA2H         LINE#         255
  C:1ABDH         LINE#         256
  C:1ABDH         LINE#         257
  C:1AD8H         LINE#         258
  C:1ADDH         LINE#         259
  C:1AE2H         LINE#         260
  C:1AE2H         LINE#         261
  C:1AFDH         LINE#         262
  C:1B02H         LINE#         263
  C:1B07H         LINE#         264
  C:1B0EH         LINE#         265
  C:1B16H         LINE#         267
  C:1B29H         LINE#         268
  C:1B29H         LINE#         269
  C:1B63H         LINE#         270
  C:1B6AH         LINE#         271
  C:1BA4H         LINE#         272
  C:1BABH         LINE#         273
  C:1BB4H         LINE#         275
  C:1BDCH         LINE#         276
BL51 BANKED LINKER/LOCATER V6.22                                                      03/12/2022  18:23:31  PAGE 12


  C:1BE3H         LINE#         277
  C:1C0BH         LINE#         278
  C:1C12H         LINE#         283
  C:1C1DH         LINE#         295
  C:1C20H         LINE#         297
  C:1C23H         LINE#         299
  C:1C33H         LINE#         300
  C:1C49H         LINE#         301
  C:1C5FH         LINE#         302
  C:1C6DH         LINE#         303
  C:1C6FH         LINE#         305
  -------         ENDPROC       SYSINIT
  -------         PROC          TIMERINIT
  C:5D7DH         LINE#         307
  C:5D7DH         LINE#         308
  C:5D7DH         LINE#         309
  C:5D95H         LINE#         310
  C:5DADH         LINE#         311
  C:5DC0H         LINE#         312
  C:5DD3H         LINE#         313
  C:5DDEH         LINE#         314
  -------         ENDPROC       TIMERINIT
  -------         PROC          EEPROMINIT
  -------         DO            
  X:0DE3H         SYMBOL        nRegs
  X:0DE4H         SYMBOL        regShift
  X:0DE6H         SYMBOL        eeDataBuff
  -------         ENDDO         
  C:37AFH         LINE#         319
  C:37AFH         LINE#         320
  C:37AFH         LINE#         321
  C:37B4H         LINE#         322
  C:37BDH         LINE#         323
  C:37E2H         LINE#         325
  C:37FCH         LINE#         331
  C:3819H         LINE#         332
  C:3819H         LINE#         333
  C:3824H         LINE#         335
  C:3837H         LINE#         336
  C:3837H         LINE#         337
  C:3863H         LINE#         338
  C:3894H         LINE#         339
  C:38C5H         LINE#         349
  C:38CEH         LINE#         353
  C:38E1H         LINE#         354
  C:38E1H         LINE#         355
  C:390DH         LINE#         356
  C:393EH         LINE#         357
  C:396FH         LINE#         367
  C:3978H         LINE#         370
  C:3978H         LINE#         372
  C:3986H         LINE#         373
  C:3991H         LINE#         378
  C:39A4H         LINE#         379
  C:39A4H         LINE#         380
  C:39D7H         LINE#         381
  C:3A0FH         LINE#         382
BL51 BANKED LINKER/LOCATER V6.22                                                      03/12/2022  18:23:31  PAGE 13


  C:3A47H         LINE#         392
  C:3A50H         LINE#         396
  C:3A63H         LINE#         397
  C:3A63H         LINE#         398
  C:3A96H         LINE#         399
  C:3ACEH         LINE#         400
  C:3B06H         LINE#         410
  C:3B0FH         LINE#         419
  -------         ENDPROC       EEPROMINIT
  -------         ENDMOD        MAIN

  -------         MODULE        KALMANFILTER
  C:0000H         SYMBOL        _ICE_DUMMY_
  D:0080H         PUBLIC        P0
  D:0090H         PUBLIC        P1
  D:00A0H         PUBLIC        P2
  D:00B0H         PUBLIC        P3
  D:00C0H         PUBLIC        P4
  D:00C8H         PUBLIC        P5
  D:00E8H         PUBLIC        P6
  D:00F8H         PUBLIC        P7
  D:00A8H         PUBLIC        IE
  C:60BBH         PUBLIC        _InitialKFP
  D:00B8H         PUBLIC        IP
  D:00D8H         PUBLIC        CCON
  D:0098H         PUBLIC        SCON
  D:0088H         PUBLIC        TCON
  D:00F0H         PUBLIC        B
  D:00E0H         PUBLIC        ACC
  C:4619H         PUBLIC        _kalmanFilter
  D:00D0H         PUBLIC        PSW
  -------         PROC          _KALMANFILTER
  X:0DB9H         SYMBOL        kfp
  X:0DBCH         SYMBOL        input
  C:4619H         LINE#         12
  C:462AH         LINE#         13
  C:462AH         LINE#         15
  C:4663H         LINE#         17
  C:46C9H         LINE#         19
  C:4745H         LINE#         21
  C:4789H         LINE#         22
  C:479DH         LINE#         23
  -------         ENDPROC       _KALMANFILTER
  -------         ENDMOD        KALMANFILTER

  -------         MODULE        FIFOQUEUE
  C:0000H         SYMBOL        _ICE_DUMMY_
  D:0080H         PUBLIC        P0
  D:0090H         PUBLIC        P1
  D:00A0H         PUBLIC        P2
  D:00B0H         PUBLIC        P3
  D:00C0H         PUBLIC        P4
  D:00C8H         PUBLIC        P5
  D:00E8H         PUBLIC        P6
  D:00F8H         PUBLIC        P7
  D:00A8H         PUBLIC        IE
  C:5ED4H         PUBLIC        _GetQueueLength
BL51 BANKED LINKER/LOCATER V6.22                                                      03/12/2022  18:23:31  PAGE 14


  D:00B8H         PUBLIC        IP
  C:5E8AH         PUBLIC        _QueueInit
  D:00D8H         PUBLIC        CCON
  C:4E69H         PUBLIC        _DeQueue
  D:0098H         PUBLIC        SCON
  D:0088H         PUBLIC        TCON
  C:4D86H         PUBLIC        _EnQueue
  D:00F0H         PUBLIC        B
  D:00E0H         PUBLIC        ACC
  D:00D0H         PUBLIC        PSW
  -------         PROC          _QUEUEINIT
  X:0E1FH         SYMBOL        sq
  C:5E8AH         LINE#         43
  C:5E95H         LINE#         44
  C:5E95H         LINE#         47
  C:5EA9H         LINE#         50
  C:5EBEH         LINE#         51
  C:5ED3H         LINE#         52
  -------         ENDPROC       _QUEUEINIT
  -------         PROC          _GETQUEUELENGTH
  X:0E22H         SYMBOL        sq
  C:5ED4H         LINE#         53
  C:5EDFH         LINE#         54
  C:5EDFH         LINE#         56
  C:5F1DH         LINE#         57
  -------         ENDPROC       _GETQUEUELENGTH
  -------         PROC          _ENQUEUE
  X:0DA9H         SYMBOL        sq
  X:0DACH         SYMBOL        ch
  X:0DAFH         SYMBOL        len
  -------         DO            
  X:0DB0H         SYMBOL        enCnt
  -------         ENDDO         
  C:4D86H         LINE#         58
  C:4D91H         LINE#         59
  C:4D91H         LINE#         60
  C:4D96H         LINE#         62
  C:4DD9H         LINE#         64
  C:4DEBH         LINE#         65
  C:4DEBH         LINE#         66
  C:4E31H         LINE#         67
  C:4E50H         LINE#         68
  C:4E50H         LINE#         69
  C:4E65H         LINE#         70
  C:4E65H         LINE#         71
  C:4E68H         LINE#         80
  -------         ENDPROC       _ENQUEUE
  -------         PROC          _DEQUEUE
  X:0DB1H         SYMBOL        sq
  X:0DB4H         SYMBOL        ch
  X:0DB7H         SYMBOL        len
  -------         DO            
  X:0DB8H         SYMBOL        deCnt
  -------         ENDDO         
  C:4E69H         LINE#         81
  C:4E74H         LINE#         82
  C:4E74H         LINE#         83
BL51 BANKED LINKER/LOCATER V6.22                                                      03/12/2022  18:23:31  PAGE 15


  C:4E79H         LINE#         84
  C:4EAAH         LINE#         86
  C:4EBCH         LINE#         87
  C:4EBCH         LINE#         88
  C:4F03H         LINE#         89
  C:4F09H         LINE#         90
  C:4F28H         LINE#         91
  C:4F28H         LINE#         92
  C:4F3DH         LINE#         93
  C:4F3DH         LINE#         94
  C:4F40H         LINE#         102
  -------         ENDPROC       _DEQUEUE
  -------         ENDMOD        FIFOQUEUE

  -------         MODULE        MODBUS
  C:0000H         SYMBOL        _ICE_DUMMY_
  C:3B10H         PUBLIC        _WriteSingleCoil
  C:4150H         PUBLIC        _ModbusReadMac
  D:0080H         PUBLIC        P0
  D:0090H         PUBLIC        P1
  D:00A0H         PUBLIC        P2
  D:00B0H         PUBLIC        P3
  D:00C0H         PUBLIC        P4
  D:00C8H         PUBLIC        P5
  D:00E8H         PUBLIC        P6
  D:00F8H         PUBLIC        P7
  D:00A8H         PUBLIC        IE
  C:3436H         PUBLIC        _WriteSingleReg
  D:00B8H         PUBLIC        IP
  C:58DDH         PUBLIC        _ErrorSend
  C:2090H         PUBLIC        _ReadHoldRegs
  D:00D8H         PUBLIC        CCON
  C:1C70H         PUBLIC        _WriteMuilCoils
  C:24ACH         PUBLIC        _ReadInputRegs
  C:0026H         PUBLIC        _GetCoilData
  C:5C46H         PUBLIC        _WriteRegData
  C:5FA6H         PUBLIC        _SetCoilData
  D:0098H         PUBLIC        SCON
  D:0088H         PUBLIC        TCON
  C:28C8H         PUBLIC        _WriteMuilRegs
  C:50DFH         PUBLIC        _GetRegData
  D:00F0H         PUBLIC        B
  D:00E0H         PUBLIC        ACC
  X:0B69H         PUBLIC        txBuffer
  C:0AD2H         PUBLIC        _ModbusDataCheck
  X:0C69H         PUBLIC        modbusDataGapCnt
  C:3F9DH         PUBLIC        _ModbusReadVersion
  C:5560H         PUBLIC        ModbusDataParse
  D:00D0H         PUBLIC        PSW
  C:3079H         PUBLIC        _ReadCoils
  -------         PROC          MODBUSDATAPARSE
  -------         DO            
  X:054DH         SYMBOL        modbusData
  -------         ENDDO         
  C:5560H         LINE#         31
  C:5560H         LINE#         32
  C:5560H         LINE#         35
BL51 BANKED LINKER/LOCATER V6.22                                                      03/12/2022  18:23:31  PAGE 16


  C:556FH         LINE#         36
  C:556FH         LINE#         37
  C:5594H         LINE#         38
  C:5594H         LINE#         39
  C:5594H         LINE#         40
  C:5594H         LINE#         41
  C:559DH         LINE#         42
  C:559FH         LINE#         43
  C:559FH         LINE#         44
  C:55A8H         LINE#         45
  C:55AAH         LINE#         46
  C:55AAH         LINE#         47
  C:55B3H         LINE#         48
  C:55B5H         LINE#         49
  C:55B5H         LINE#         50
  C:55BEH         LINE#         51
  C:55C0H         LINE#         52
  C:55C0H         LINE#         53
  C:55C9H         LINE#         54
  C:55CBH         LINE#         55
  C:55CBH         LINE#         56
  C:55D4H         LINE#         57
  C:55D6H         LINE#         58
  C:55D6H         LINE#         59
  C:55DFH         LINE#         60
  C:55E1H         LINE#         61
  C:55E1H         LINE#         62
  C:55E8H         LINE#         63
  C:55E8H         LINE#         64
  C:55E8H         LINE#         65
  C:55F7H         LINE#         66
  C:55F7H         LINE#         67
  -------         ENDPROC       MODBUSDATAPARSE
  -------         PROC          _MODBUSDATACHECK
  X:0955H         SYMBOL        pModbusData
  -------         DO            
  X:0958H         SYMBOL        validationCRC
  X:095AH         SYMBOL        i
  X:095CH         SYMBOL        nByte
  X:095DH         SYMBOL        pNByte
  X:0960H         SYMBOL        rxBytes
  X:0A60H         SYMBOL        pRxBytes
  -------         ENDDO         
  C:0AD2H         LINE#         75
  C:0ADDH         LINE#         76
  C:0ADDH         LINE#         77
  C:0AE5H         LINE#         78
  C:0AEDH         LINE#         80
  C:0AF2H         LINE#         81
  C:0B03H         LINE#         83
  C:0B14H         LINE#         84
  C:0B23H         LINE#         87
  C:0B4FH         LINE#         88
  C:0B5AH         LINE#         89
  C:0B5AH         LINE#         90
  C:0B5DH         LINE#         91
  C:0B5DH         LINE#         93
BL51 BANKED LINKER/LOCATER V6.22                                                      03/12/2022  18:23:31  PAGE 17


  C:0B8DH         LINE#         95
  C:0BACH         LINE#         97
  C:0C11H         LINE#         98
  C:0C11H         LINE#         99
  C:0C35H         LINE#         100
  C:0C5FH         LINE#         101
  C:0C80H         LINE#         102
  C:0C80H         LINE#         103
  C:0CB5H         LINE#         104
  C:0CB5H         LINE#         105
  C:0CB5H         LINE#         106
  C:0CB5H         LINE#         107
  C:0CB5H         LINE#         108
  C:0CB5H         LINE#         109
  C:0D04H         LINE#         110
  C:0D53H         LINE#         111
  C:0D56H         LINE#         112
  C:0D56H         LINE#         113
  C:0D56H         LINE#         116
  C:0D6EH         LINE#         117
  C:0D84H         LINE#         118
  C:0DD3H         LINE#         119
  C:0E22H         LINE#         120
  C:0E25H         LINE#         121
  C:0E25H         LINE#         123
  C:0E74H         LINE#         124
  C:0EC3H         LINE#         125
  C:0EEDH         LINE#         126
  C:0F1EH         LINE#         127
  C:0F1EH         LINE#         128
  C:0FAEH         LINE#         129
  C:0FBFH         LINE#         130
  C:0FC2H         LINE#         131
  C:0FC2H         LINE#         132
  C:1011H         LINE#         133
  C:1060H         LINE#         134
  C:1097H         LINE#         135
  C:10B8H         LINE#         136
  C:10B8H         LINE#         137
  C:10CEH         LINE#         138
  C:10CEH         LINE#         139
  C:10FCH         LINE#         140
  C:10FCH         LINE#         141
  C:1151H         LINE#         142
  C:1162H         LINE#         143
  C:1164H         LINE#         144
  C:1164H         LINE#         145
  C:116BH         LINE#         146
  C:116BH         LINE#         147
  C:116BH         LINE#         148
  C:116EH         LINE#         149
  C:1170H         LINE#         151
  C:1170H         LINE#         152
  C:1173H         LINE#         153
  C:1173H         LINE#         154
  C:1173H         LINE#         155
  C:1175H         LINE#         156
BL51 BANKED LINKER/LOCATER V6.22                                                      03/12/2022  18:23:31  PAGE 18


  -------         ENDPROC       _MODBUSDATACHECK
  -------         PROC          _ERRORSEND
  X:0E03H         SYMBOL        Cmd
  X:0E04H         SYMBOL        errorCode
  -------         DO            
  X:0E05H         SYMBOL        validationCRC
  -------         ENDDO         
  C:58DDH         LINE#         165
  C:58E7H         LINE#         166
  C:58E7H         LINE#         167
  C:58EFH         LINE#         169
  C:58F9H         LINE#         170
  C:5907H         LINE#         171
  C:5911H         LINE#         172
  C:5924H         LINE#         173
  C:5939H         LINE#         174
  C:594AH         LINE#         175
  C:595DH         LINE#         176
  C:596CH         LINE#         177
  -------         ENDPROC       _ERRORSEND
  -------         PROC          _MODBUSREADVERSION
  X:0DC0H         SYMBOL        pModbusData
  -------         DO            
  X:0DC3H         SYMBOL        validationCRC
  X:0DC5H         SYMBOL        indexSend
  -------         ENDDO         
  C:3F9DH         LINE#         186
  C:3FA8H         LINE#         187
  C:3FA8H         LINE#         188
  C:3FB0H         LINE#         189
  C:3FB8H         LINE#         191
  C:3FE6H         LINE#         192
  C:4014H         LINE#         193
  C:4048H         LINE#         195
  C:4093H         LINE#         196
  C:40BDH         LINE#         197
  C:40D8H         LINE#         198
  C:4101H         LINE#         199
  C:4126H         LINE#         200
  C:4140H         LINE#         201
  C:414FH         LINE#         202
  -------         ENDPROC       _MODBUSREADVERSION
  -------         PROC          _MODBUSREADMAC
  X:0DC7H         SYMBOL        pModbusData
  -------         DO            
  X:0DCAH         SYMBOL        validationCRC
  X:0DCCH         SYMBOL        indexSend
  -------         ENDDO         
  C:4150H         LINE#         204
  C:415BH         LINE#         205
  C:415BH         LINE#         206
  C:4163H         LINE#         207
  C:416BH         LINE#         209
  C:4199H         LINE#         210
  C:41C7H         LINE#         211
  C:41FBH         LINE#         213
  C:4246H         LINE#         214
BL51 BANKED LINKER/LOCATER V6.22                                                      03/12/2022  18:23:31  PAGE 19


  C:4270H         LINE#         215
  C:428BH         LINE#         216
  C:42B4H         LINE#         217
  C:42D9H         LINE#         218
  C:42F3H         LINE#         219
  C:4302H         LINE#         220
  -------         ENDPROC       _MODBUSREADMAC
  -------         PROC          _READCOILS
  X:0D49H         SYMBOL        pModbusData
  -------         DO            
  X:0D4CH         SYMBOL        validationCRC
  X:0D4EH         SYMBOL        i
  X:0D50H         SYMBOL        j
  X:0D52H         SYMBOL        indexSend
  X:0D54H         SYMBOL        coilValue
  X:0D55H         SYMBOL        coilAddr
  B:0021H.6       SYMBOL        readFlag
  -------         ENDDO         
  C:3079H         LINE#         229
  C:3084H         LINE#         230
  C:3084H         LINE#         231
  C:308CH         LINE#         232
  C:3094H         LINE#         233
  C:309CH         LINE#         236
  C:30A4H         LINE#         237
  C:30A9H         LINE#         238
  C:30B1H         LINE#         239
  C:30B3H         LINE#         241
  C:30C2H         LINE#         243
  C:3102H         LINE#         244
  C:3102H         LINE#         245
  C:311DH         LINE#         247
  C:311DH         LINE#         248
  C:31BAH         LINE#         249
  C:31BAH         LINE#         250
  C:31D5H         LINE#         252
  C:31D5H         LINE#         254
  C:31F4H         LINE#         255
  C:320EH         LINE#         256
  C:3228H         LINE#         257
  C:3252H         LINE#         259
  C:3273H         LINE#         260
  C:3273H         LINE#         261
  C:3281H         LINE#         262
  C:3281H         LINE#         263
  C:328EH         LINE#         265
  C:32B0H         LINE#         266
  C:32B0H         LINE#         267
  C:32C4H         LINE#         269
  C:32E0H         LINE#         270
  C:32E0H         LINE#         272
  C:32F2H         LINE#         273
  C:332DH         LINE#         274
  C:333BH         LINE#         275
  C:337EH         LINE#         276
  C:337EH         LINE#         277
  C:3380H         LINE#         278
BL51 BANKED LINKER/LOCATER V6.22                                                      03/12/2022  18:23:31  PAGE 20


  C:3382H         LINE#         279
  C:3382H         LINE#         280
  C:3393H         LINE#         281
  C:3396H         LINE#         282
  C:3396H         LINE#         283
  C:3396H         LINE#         284
  C:3396H         LINE#         285
  C:33A7H         LINE#         287
  C:33C4H         LINE#         288
  C:33E8H         LINE#         289
  C:3408H         LINE#         290
  C:3426H         LINE#         291
  C:3435H         LINE#         292
  -------         ENDPROC       _READCOILS
  -------         PROC          _READHOLDREGS
  X:0CEFH         SYMBOL        pModbusData
  -------         DO            
  X:0CF2H         SYMBOL        validationCRC
  X:0CF4H         SYMBOL        i
  X:0CF6H         SYMBOL        regValue
  X:0CF8H         SYMBOL        indexSend
  X:0CFAH         SYMBOL        readBuff
  -------         ENDDO         
  C:2090H         LINE#         301
  C:209BH         LINE#         302
  C:209BH         LINE#         304
  C:20A3H         LINE#         305
  C:20ABH         LINE#         307
  C:20B3H         LINE#         308
  C:20BBH         LINE#         310
  C:20CAH         LINE#         312
  C:210AH         LINE#         313
  C:210AH         LINE#         314
  C:2125H         LINE#         316
  C:2125H         LINE#         317
  C:215FH         LINE#         318
  C:215FH         LINE#         319
  C:216EH         LINE#         321
  C:216EH         LINE#         322
  C:21A8H         LINE#         323
  C:21A8H         LINE#         324
  C:21B7H         LINE#         326
  C:21B7H         LINE#         327
  C:2251H         LINE#         328
  C:2251H         LINE#         329
  C:226CH         LINE#         331
  C:226CH         LINE#         332
  C:229DH         LINE#         333
  C:229DH         LINE#         334
  C:22CFH         LINE#         337
  C:22FAH         LINE#         338
  C:2321H         LINE#         339
  C:2332H         LINE#         340
  C:2360H         LINE#         341
  C:238EH         LINE#         342
  C:23C2H         LINE#         343
  C:23FEH         LINE#         344
BL51 BANKED LINKER/LOCATER V6.22                                                      03/12/2022  18:23:31  PAGE 21


  C:2419H         LINE#         345
  C:2434H         LINE#         346
  C:245DH         LINE#         347
  C:2482H         LINE#         348
  C:249CH         LINE#         349
  C:24ABH         LINE#         350
  -------         ENDPROC       _READHOLDREGS
  -------         PROC          _READINPUTREGS
  X:0D02H         SYMBOL        pModbusData
  -------         DO            
  X:0D05H         SYMBOL        validationCRC
  X:0D07H         SYMBOL        i
  X:0D09H         SYMBOL        regValue
  X:0D0BH         SYMBOL        indexSend
  X:0D0DH         SYMBOL        readBuff
  -------         ENDDO         
  C:24ACH         LINE#         359
  C:24B7H         LINE#         360
  C:24B7H         LINE#         362
  C:24BFH         LINE#         363
  C:24C7H         LINE#         365
  C:24CFH         LINE#         366
  C:24D7H         LINE#         368
  C:24E6H         LINE#         370
  C:2526H         LINE#         371
  C:2526H         LINE#         372
  C:2541H         LINE#         374
  C:2541H         LINE#         375
  C:257BH         LINE#         376
  C:257BH         LINE#         377
  C:258AH         LINE#         379
  C:258AH         LINE#         380
  C:25C4H         LINE#         381
  C:25C4H         LINE#         382
  C:25D3H         LINE#         384
  C:25D3H         LINE#         385
  C:266DH         LINE#         386
  C:266DH         LINE#         387
  C:2688H         LINE#         389
  C:2688H         LINE#         390
  C:26B9H         LINE#         391
  C:26B9H         LINE#         392
  C:26EBH         LINE#         395
  C:2716H         LINE#         396
  C:273DH         LINE#         397
  C:274EH         LINE#         398
  C:277CH         LINE#         399
  C:27AAH         LINE#         400
  C:27DEH         LINE#         401
  C:281AH         LINE#         402
  C:2835H         LINE#         403
  C:2850H         LINE#         404
  C:2879H         LINE#         405
  C:289EH         LINE#         406
  C:28B8H         LINE#         407
  C:28C7H         LINE#         408
  -------         ENDPROC       _READINPUTREGS
BL51 BANKED LINKER/LOCATER V6.22                                                      03/12/2022  18:23:31  PAGE 22


  -------         PROC          _WRITESINGLECOIL
  X:0D72H         SYMBOL        pModbusData
  -------         DO            
  X:0D75H         SYMBOL        validationCRC
  X:0D77H         SYMBOL        indexSend
  X:0D79H         SYMBOL        coilValue
  X:0D7AH         SYMBOL        coilStatus
  -------         ENDDO         
  C:3B10H         LINE#         416
  C:3B1BH         LINE#         417
  C:3B1BH         LINE#         418
  C:3B23H         LINE#         419
  C:3B2BH         LINE#         420
  C:3B30H         LINE#         422
  C:3B38H         LINE#         425
  C:3B75H         LINE#         426
  C:3B75H         LINE#         427
  C:3B90H         LINE#         429
  C:3B90H         LINE#         431
  C:3BAFH         LINE#         432
  C:3BBFH         LINE#         433
  C:3BBFH         LINE#         434
  C:3BC5H         LINE#         435
  C:3BC7H         LINE#         436
  C:3BD3H         LINE#         437
  C:3BD3H         LINE#         438
  C:3BD8H         LINE#         439
  C:3BD8H         LINE#         440
  C:3BF9H         LINE#         442
  C:3C27H         LINE#         443
  C:3C55H         LINE#         444
  C:3C8DH         LINE#         445
  C:3CC1H         LINE#         446
  C:3CF9H         LINE#         447
  C:3D2DH         LINE#         448
  C:3D48H         LINE#         449
  C:3D71H         LINE#         450
  C:3D96H         LINE#         451
  C:3DB0H         LINE#         452
  C:3DBFH         LINE#         453
  -------         ENDPROC       _WRITESINGLECOIL
  -------         PROC          _WRITEMUILCOILS
  X:0D3AH         SYMBOL        pModbusData
  -------         DO            
  X:0D3DH         SYMBOL        validationCRC
  X:0D3FH         SYMBOL        i
  X:0D41H         SYMBOL        j
  X:0D43H         SYMBOL        indexSend
  X:0D45H         SYMBOL        coilAddr
  X:0D47H         SYMBOL        coilValue
  X:0D48H         SYMBOL        nByte
  B:0021H.7       SYMBOL        readFlag
  -------         ENDDO         
  C:1C70H         LINE#         466
  C:1C7BH         LINE#         467
  C:1C7BH         LINE#         468
  C:1C83H         LINE#         469
BL51 BANKED LINKER/LOCATER V6.22                                                      03/12/2022  18:23:31  PAGE 23


  C:1C8BH         LINE#         470
  C:1C93H         LINE#         471
  C:1C9BH         LINE#         472
  C:1CA3H         LINE#         473
  C:1CA8H         LINE#         474
  C:1CADH         LINE#         475
  C:1CAFH         LINE#         477
  C:1CCEH         LINE#         478
  C:1CF5H         LINE#         479
  C:1D16H         LINE#         480
  C:1D16H         LINE#         481
  C:1D1CH         LINE#         482
  C:1D1CH         LINE#         483
  C:1D98H         LINE#         484
  C:1D98H         LINE#         485
  C:1DB3H         LINE#         487
  C:1DB3H         LINE#         488
  C:1DD4H         LINE#         489
  C:1DD4H         LINE#         490
  C:1DF0H         LINE#         491
  C:1DF0H         LINE#         492
  C:1E3DH         LINE#         493
  C:1E4FH         LINE#         494
  C:1E5DH         LINE#         495
  C:1EA0H         LINE#         496
  C:1EA0H         LINE#         497
  C:1EA2H         LINE#         498
  C:1EA4H         LINE#         499
  C:1EA4H         LINE#         500
  C:1EB5H         LINE#         501
  C:1EB8H         LINE#         502
  C:1EB8H         LINE#         503
  C:1EB8H         LINE#         504
  C:1EB8H         LINE#         505
  C:1EC9H         LINE#         506
  C:1EF7H         LINE#         507
  C:1F25H         LINE#         508
  C:1F5DH         LINE#         509
  C:1F91H         LINE#         510
  C:1FC9H         LINE#         511
  C:1FFDH         LINE#         512
  C:2018H         LINE#         513
  C:2041H         LINE#         514
  C:2066H         LINE#         515
  C:2080H         LINE#         516
  C:208FH         LINE#         517
  -------         ENDPROC       _WRITEMUILCOILS
  -------         PROC          _WRITESINGLEREG
  X:0DCEH         SYMBOL        pModbusData
  -------         DO            
  X:0DD1H         SYMBOL        validationCRC
  X:0DD3H         SYMBOL        indexSend
  -------         ENDDO         
  C:3436H         LINE#         525
  C:3441H         LINE#         526
  C:3441H         LINE#         527
  C:3449H         LINE#         528
BL51 BANKED LINKER/LOCATER V6.22                                                      03/12/2022  18:23:31  PAGE 24


  C:3451H         LINE#         535
  C:34C8H         LINE#         536
  C:34C8H         LINE#         537
  C:34E3H         LINE#         539
  C:34E3H         LINE#         541
  C:3541H         LINE#         542
  C:3541H         LINE#         543
  C:355CH         LINE#         545
  C:355CH         LINE#         548
  C:358FH         LINE#         549
  C:35CDH         LINE#         550
  C:35CDH         LINE#         551
  C:35FBH         LINE#         552
  C:3629H         LINE#         553
  C:3661H         LINE#         554
  C:3695H         LINE#         555
  C:36CDH         LINE#         556
  C:3701H         LINE#         557
  C:371CH         LINE#         558
  C:3745H         LINE#         559
  C:376AH         LINE#         560
  C:3784H         LINE#         561
  C:3793H         LINE#         562
  C:3794H         LINE#         564
  C:3794H         LINE#         565
  C:37AEH         LINE#         567
  C:37AEH         LINE#         568
  -------         ENDPROC       _WRITESINGLEREG
  -------         PROC          _WRITEMUILREGS
  X:0D65H         SYMBOL        pModbusData
  -------         DO            
  X:0D68H         SYMBOL        validationCRC
  X:0D6AH         SYMBOL        regValue
  X:0D6CH         SYMBOL        regAddr
  X:0D6EH         SYMBOL        i
  X:0D6FH         SYMBOL        j
  X:0D70H         SYMBOL        writeFlag
  X:0D71H         SYMBOL        indexSend
  -------         ENDDO         
  C:28C8H         LINE#         570
  C:28D3H         LINE#         571
  C:28D3H         LINE#         572
  C:28DBH         LINE#         573
  C:28E3H         LINE#         574
  C:28EBH         LINE#         575
  C:28F0H         LINE#         576
  C:28F5H         LINE#         577
  C:28FAH         LINE#         579
  C:2919H         LINE#         580
  C:2996H         LINE#         581
  C:2996H         LINE#         582
  C:29B1H         LINE#         584
  C:29B1H         LINE#         585
  C:29FEH         LINE#         586
  C:29FEH         LINE#         587
  C:2A19H         LINE#         589
  C:2A19H         LINE#         591
BL51 BANKED LINKER/LOCATER V6.22                                                      03/12/2022  18:23:31  PAGE 25


  C:2A47H         LINE#         592
  C:2A47H         LINE#         594
  C:2A83H         LINE#         595
  C:2A98H         LINE#         596
  C:2AB5H         LINE#         597
  C:2AB5H         LINE#         598
  C:2ABBH         LINE#         599
  C:2ABBH         LINE#         600
  C:2AC9H         LINE#         601
  C:2AD2H         LINE#         602
  C:2AFBH         LINE#         603
  C:2AFBH         LINE#         604
  C:2B23H         LINE#         605
  C:2B4BH         LINE#         606
  C:2B7DH         LINE#         607
  C:2BABH         LINE#         608
  C:2BDDH         LINE#         609
  C:2C0BH         LINE#         610
  C:2C21H         LINE#         611
  C:2C44H         LINE#         612
  C:2C63H         LINE#         613
  C:2C7AH         LINE#         614
  C:2C89H         LINE#         615
  C:2C8AH         LINE#         617
  C:2C8AH         LINE#         618
  C:2CA4H         LINE#         620
  C:2CA4H         LINE#         621
  -------         ENDPROC       _WRITEMUILREGS
  -------         PROC          _GETCOILDATA
  X:0E25H         SYMBOL        coilAddr
  X:0E27H         SYMBOL        functionCode
  C:0026H         LINE#         623
  C:0033H         LINE#         624
  C:0033H         LINE#         625
  C:0046H         LINE#         626
  C:0046H         LINE#         627
  C:0046H         LINE#         628
  C:0046H         LINE#         629
  C:005BH         LINE#         630
  C:005BH         LINE#         631
  C:005BH         LINE#         632
  C:005BH         LINE#         633
  C:005DH         LINE#         634
  -------         ENDPROC       _GETCOILDATA
  -------         PROC          _SETCOILDATA
  X:0E07H         SYMBOL        coilAddr
  X:0E09H         SYMBOL        coilValue
  X:0E0AH         SYMBOL        functionCode
  C:5FA6H         LINE#         636
  C:5FB8H         LINE#         637
  C:5FB8H         LINE#         638
  C:5FCBH         LINE#         639
  C:5FCBH         LINE#         640
  C:5FCBH         LINE#         641
  C:5FCBH         LINE#         642
  C:5FE4H         LINE#         643
  C:5FE4H         LINE#         644
BL51 BANKED LINKER/LOCATER V6.22                                                      03/12/2022  18:23:31  PAGE 26


  C:5FE4H         LINE#         645
  C:5FE4H         LINE#         646
  -------         ENDPROC       _SETCOILDATA
  -------         PROC          _WRITEREGDATA
  X:0DEFH         SYMBOL        regAddr
  X:0DF1H         SYMBOL        regValue
  X:0DF3H         SYMBOL        functionCode
  C:5C46H         LINE#         647
  C:5C5BH         LINE#         648
  C:5C5BH         LINE#         649
  C:5C6EH         LINE#         650
  C:5C6EH         LINE#         651
  C:5C6EH         LINE#         652
  C:5C6EH         LINE#         653
  C:5C7EH         LINE#         654
  C:5C7EH         LINE#         655
  C:5C8BH         LINE#         656
  C:5C8CH         LINE#         658
  C:5C8CH         LINE#         659
  C:5CB2H         LINE#         660
  C:5CB2H         LINE#         661
  C:5CB2H         LINE#         662
  C:5CB2H         LINE#         663
  C:5CB2H         LINE#         664
  C:5CB2H         LINE#         665
  -------         ENDPROC       _WRITEREGDATA
  -------         PROC          _GETREGDATA
  X:0DF4H         SYMBOL        regAddr
  X:0DF6H         SYMBOL        functionCode
  -------         DO            
  X:0DF7H         SYMBOL        regValue
  -------         ENDDO         
  C:50DFH         LINE#         667
  C:50ECH         LINE#         668
  C:50ECH         LINE#         669
  C:50F4H         LINE#         670
  C:5104H         LINE#         671
  C:5104H         LINE#         672
  C:510CH         LINE#         673
  C:510CH         LINE#         674
  C:5125H         LINE#         675
  C:5125H         LINE#         676
  C:5125H         LINE#         677
  C:5146H         LINE#         678
  C:5148H         LINE#         679
  C:5148H         LINE#         680
  C:5169H         LINE#         681
  C:516BH         LINE#         682
  C:516BH         LINE#         683
  C:516BH         LINE#         684
  C:5191H         LINE#         685
  C:5191H         LINE#         686
  C:5191H         LINE#         687
  C:5191H         LINE#         688
  C:5191H         LINE#         690
  C:5199H         LINE#         691
  -------         ENDPROC       _GETREGDATA
BL51 BANKED LINKER/LOCATER V6.22                                                      03/12/2022  18:23:31  PAGE 27


  -------         ENDMOD        MODBUS

  -------         MODULE        CRC
  C:0000H         SYMBOL        _ICE_DUMMY_
  D:0080H         PUBLIC        P0
  D:0090H         PUBLIC        P1
  D:00A0H         PUBLIC        P2
  D:00B0H         PUBLIC        P3
  D:00C0H         PUBLIC        P4
  D:00C8H         PUBLIC        P5
  D:00E8H         PUBLIC        P6
  D:00F8H         PUBLIC        P7
  D:00A8H         PUBLIC        IE
  D:00B8H         PUBLIC        IP
  D:00D8H         PUBLIC        CCON
  X:0755H         PUBLIC        auchCRCHi
  D:0098H         PUBLIC        SCON
  D:0088H         PUBLIC        TCON
  X:0855H         PUBLIC        auchCRCLo
  C:55F8H         PUBLIC        _CRC16
  D:00F0H         PUBLIC        B
  D:00E0H         PUBLIC        ACC
  D:00D0H         PUBLIC        PSW
  -------         PROC          _CRC16
  X:0DD5H         SYMBOL        msg
  X:0DD8H         SYMBOL        length
  -------         DO            
  X:0DD9H         SYMBOL        uchCRCHi
  X:0DDAH         SYMBOL        uchCRCLo
  X:0DDBH         SYMBOL        uIndex
  -------         ENDDO         
  C:55F8H         LINE#         59
  C:5608H         LINE#         60
  C:5608H         LINE#         61
  C:560EH         LINE#         62
  C:5614H         LINE#         65
  C:561EH         LINE#         66
  C:561EH         LINE#         67
  C:563FH         LINE#         68
  C:565DH         LINE#         69
  C:5673H         LINE#         70
  C:5675H         LINE#         71
  C:568DH         LINE#         77
  -------         ENDPROC       _CRC16
  -------         ENDMOD        CRC

  -------         MODULE        ISR
  C:0133H         LINE#         3
  -------         ENDMOD        ISR

  -------         MODULE        GPIO
  C:0000H         SYMBOL        _ICE_DUMMY_
  D:0093H         PUBLIC        P0M1
  D:0092H         PUBLIC        P1M0
  D:0096H         PUBLIC        P2M0
  D:0091H         PUBLIC        P1M1
  D:0080H         PUBLIC        P0
BL51 BANKED LINKER/LOCATER V6.22                                                      03/12/2022  18:23:31  PAGE 28


  D:00B2H         PUBLIC        P3M0
  D:0095H         PUBLIC        P2M1
  D:0090H         PUBLIC        P1
  D:00B4H         PUBLIC        P4M0
  D:00B1H         PUBLIC        P3M1
  D:00A0H         PUBLIC        P2
  D:00CAH         PUBLIC        P5M0
  D:00B3H         PUBLIC        P4M1
  D:00B0H         PUBLIC        P3
  D:00CCH         PUBLIC        P6M0
  D:00C9H         PUBLIC        P5M1
  D:00C0H         PUBLIC        P4
  D:00E2H         PUBLIC        P7M0
  D:00CBH         PUBLIC        P6M1
  D:00C8H         PUBLIC        P5
  D:00E8H         PUBLIC        P6
  D:00E1H         PUBLIC        P7M1
  D:00F8H         PUBLIC        P7
  D:00A8H         PUBLIC        IE
  D:00B8H         PUBLIC        IP
  D:00D8H         PUBLIC        CCON
  C:5FE5H         PUBLIC        IO_init
  D:0098H         PUBLIC        SCON
  D:0088H         PUBLIC        TCON
  D:00F0H         PUBLIC        B
  D:00E0H         PUBLIC        ACC
  D:00D0H         PUBLIC        PSW
  D:0094H         PUBLIC        P0M0
  -------         PROC          IO_INIT
  C:5FE5H         LINE#         6
  C:5FE5H         LINE#         7
  C:5FE5H         LINE#         8
  C:5FE8H         LINE#         9
  C:5FEBH         LINE#         10
  C:5FEEH         LINE#         11
  C:5FF1H         LINE#         12
  C:5FF4H         LINE#         13
  C:5FF7H         LINE#         14
  C:5FFAH         LINE#         15
  C:5FFDH         LINE#         16
  C:6000H         LINE#         17
  C:6003H         LINE#         18
  C:6006H         LINE#         19
  C:6009H         LINE#         20
  C:600CH         LINE#         21
  C:600FH         LINE#         22
  C:6012H         LINE#         23
  C:6015H         LINE#         24
  -------         ENDPROC       IO_INIT
  -------         ENDMOD        GPIO

  -------         MODULE        UART
  C:0000H         SYMBOL        _ICE_DUMMY_
  D:0080H         PUBLIC        P0
  D:0090H         PUBLIC        P1
  D:00A0H         PUBLIC        P2
  D:00B0H         PUBLIC        P3
BL51 BANKED LINKER/LOCATER V6.22                                                      03/12/2022  18:23:31  PAGE 29


  D:00C0H         PUBLIC        P4
  D:00C8H         PUBLIC        P5
  D:00E8H         PUBLIC        P6
  D:00F8H         PUBLIC        P7
  D:00A2H         PUBLIC        P_SW1
  D:00BAH         PUBLIC        P_SW2
  D:00A8H         PUBLIC        IE
  B:00A8H.4       PUBLIC        ES
  D:00B8H         PUBLIC        IP
  X:0A63H         PUBLIC        pRxBuffer
  B:0098H.0       PUBLIC        RI
  B:0098H.1       PUBLIC        TI
  C:4B6CH         PUBLIC        UART1Isr
  X:0A66H         PUBLIC        dataState
  D:00D8H         PUBLIC        CCON
  D:0099H         PUBLIC        SBUF
  D:0098H         PUBLIC        SCON
  D:0088H         PUBLIC        TCON
  D:00AFH         PUBLIC        IE2
  D:00F0H         PUBLIC        B
  D:008EH         PUBLIC        AUXR
  B:0022H.1       PUBLIC        tx1Busy
  C:5F64H         PUBLIC        _UARTSendString
  D:00E0H         PUBLIC        ACC
  X:0A67H         PUBLIC        rxBuffer
  X:0B67H         PUBLIC        wptr
  C:4F41H         PUBLIC        _UARTInit
  X:0B68H         PUBLIC        txTimeout
  D:00D1H         PUBLIC        T4T3M
  C:59FCH         PUBLIC        _UARTSendByte
  D:009BH         PUBLIC        S2BUF
  D:00ADH         PUBLIC        S3BUF
  D:0085H         PUBLIC        S4BUF
  D:009AH         PUBLIC        S2CON
  D:00ACH         PUBLIC        S3CON
  D:0084H         PUBLIC        S4CON
  D:00D0H         PUBLIC        PSW
  -------         PROC          _UARTINIT
  X:0E28H         SYMBOL        UARTx
  X:0E29H         SYMBOL        Timer
  X:0E2AH         SYMBOL        serialport
  B:0022H.0       SYMBOL        enable
  C:4F41H         LINE#         10
  C:4F50H         LINE#         11
  C:4F50H         LINE#         12
  C:4F69H         LINE#         13
  C:4F69H         LINE#         14
  C:4F69H         LINE#         15
  C:4F71H         LINE#         16
  C:4F74H         LINE#         17
  C:4F87H         LINE#         18
  C:4F87H         LINE#         19
  C:4F87H         LINE#         20
  C:4F8AH         LINE#         21
  C:4F8CH         LINE#         22
  C:4F8CH         LINE#         23
  C:4F8FH         LINE#         24
BL51 BANKED LINKER/LOCATER V6.22                                                      03/12/2022  18:23:31  PAGE 30


  C:4F8FH         LINE#         25
  C:4F8FH         LINE#         26
  C:4F8FH         LINE#         27
  C:4F8FH         LINE#         31
  C:4F95H         LINE#         32
  C:4F95H         LINE#         33
  C:4F97H         LINE#         34
  C:4F97H         LINE#         35
  C:4F98H         LINE#         36
  C:4F98H         LINE#         37
  C:4FA0H         LINE#         38
  C:4FB0H         LINE#         39
  C:4FB0H         LINE#         40
  C:4FB0H         LINE#         41
  C:4FB3H         LINE#         42
  C:4FB3H         LINE#         43
  C:4FB3H         LINE#         44
  C:4FB3H         LINE#         45
  C:4FB3H         LINE#         47
  C:4FB6H         LINE#         48
  C:4FB6H         LINE#         50
  C:4FB9H         LINE#         51
  C:4FB9H         LINE#         52
  C:4FBAH         LINE#         53
  C:4FBAH         LINE#         54
  C:4FC2H         LINE#         55
  C:4FD5H         LINE#         56
  C:4FD5H         LINE#         57
  C:4FD5H         LINE#         58
  C:4FD8H         LINE#         59
  C:4FDAH         LINE#         60
  C:4FDAH         LINE#         61
  C:4FDDH         LINE#         62
  C:4FDDH         LINE#         63
  C:4FDDH         LINE#         64
  C:4FDDH         LINE#         65
  C:4FDDH         LINE#         66
  C:4FE0H         LINE#         67
  C:4FE3H         LINE#         68
  C:4FE3H         LINE#         70
  C:4FE6H         LINE#         71
  C:4FE6H         LINE#         72
  C:4FE7H         LINE#         73
  C:4FE7H         LINE#         74
  C:4FEFH         LINE#         75
  C:5002H         LINE#         76
  C:5002H         LINE#         77
  C:5002H         LINE#         78
  C:5005H         LINE#         79
  C:5007H         LINE#         80
  C:5007H         LINE#         81
  C:500AH         LINE#         82
  C:500AH         LINE#         83
  C:500AH         LINE#         84
  C:500AH         LINE#         85
  C:500AH         LINE#         86
  C:500DH         LINE#         87
BL51 BANKED LINKER/LOCATER V6.22                                                      03/12/2022  18:23:31  PAGE 31


  C:5010H         LINE#         88
  C:5010H         LINE#         90
  C:5013H         LINE#         91
  C:5013H         LINE#         92
  C:5013H         LINE#         93
  C:5013H         LINE#         94
  C:5013H         LINE#         95
  C:5013H         LINE#         97
  -------         ENDPROC       _UARTINIT
  -------         PROC          _UARTSENDBYTE
  X:0E2BH         SYMBOL        UARTx
  X:0E2DH         SYMBOL        c
  C:59FCH         LINE#         99
  C:5A09H         LINE#         100
  C:5A09H         LINE#         101
  C:5A17H         LINE#         102
  C:5A17H         LINE#         104
  C:5A1EH         LINE#         105
  C:5A21H         LINE#         107
  C:5A21H         LINE#         108
  C:5A2FH         LINE#         109
  C:5A2FH         LINE#         110
  C:5A32H         LINE#         111
  C:5A39H         LINE#         112
  C:5A3EH         LINE#         114
  C:5A3EH         LINE#         115
  C:5A4CH         LINE#         116
  C:5A4CH         LINE#         117
  C:5A4FH         LINE#         118
  C:5A56H         LINE#         119
  C:5A5BH         LINE#         121
  C:5A5BH         LINE#         122
  C:5A69H         LINE#         123
  C:5A69H         LINE#         124
  C:5A6CH         LINE#         125
  C:5A73H         LINE#         126
  C:5A78H         LINE#         128
  C:5A78H         LINE#         129
  -------         ENDPROC       _UARTSENDBYTE
  -------         PROC          _UARTSENDSTRING
  X:0DE9H         SYMBOL        UARTx
  X:0DEBH         SYMBOL        pt
  X:0DEEH         SYMBOL        len
  C:5F64H         LINE#         131
  C:5F77H         LINE#         132
  C:5F77H         LINE#         133
  C:5F84H         LINE#         134
  C:5F84H         LINE#         135
  C:5FA3H         LINE#         136
  C:5FA5H         LINE#         137
  -------         ENDPROC       _UARTSENDSTRING
  -------         PROC          UART1ISR
  C:4B6CH         LINE#         139
  C:4B89H         LINE#         141
  C:4B8CH         LINE#         142
  C:4B8CH         LINE#         143
  C:4B8EH         LINE#         144
BL51 BANKED LINKER/LOCATER V6.22                                                      03/12/2022  18:23:31  PAGE 32


  C:4B90H         LINE#         146
  C:4B93H         LINE#         147
  C:4B99H         LINE#         148
  C:4B99H         LINE#         149
  C:4B9BH         LINE#         150
  C:4BB1H         LINE#         151
  C:4BB1H         LINE#         152
  C:4BB1H         LINE#         153
  C:4BB9H         LINE#         154
  C:4BBCH         LINE#         155
  C:4BBCH         LINE#         156
  C:4BC4H         LINE#         157
  C:4BC7H         LINE#         158
  C:4BD5H         LINE#         159
  C:4BD5H         LINE#         160
  C:4BDBH         LINE#         161
  C:4BEBH         LINE#         162
  C:4BF5H         LINE#         163
  C:4BFBH         LINE#         164
  C:4BFDH         LINE#         166
  C:4BFDH         LINE#         167
  C:4C02H         LINE#         168
  C:4C0AH         LINE#         169
  C:4C0AH         LINE#         170
  C:4C1BH         LINE#         171
  C:4C32H         LINE#         172
  C:4C37H         LINE#         173
  C:4C37H         LINE#         174
  C:4C37H         LINE#         175
  C:4C39H         LINE#         176
  C:4C39H         LINE#         177
  C:4C41H         LINE#         178
  C:4C51H         LINE#         179
  C:4C5BH         LINE#         180
  C:4C61H         LINE#         181
  C:4C63H         LINE#         182
  C:4C63H         LINE#         183
  C:4C66H         LINE#         184
  C:4C6BH         LINE#         185
  C:4C6BH         LINE#         186
  C:4C6BH         LINE#         187
  C:4C6BH         LINE#         188
  -------         ENDPROC       UART1ISR
  -------         ENDMOD        UART

  -------         MODULE        SPI
  C:0000H         SYMBOL        _ICE_DUMMY_
  D:0080H         PUBLIC        P0
  D:0090H         PUBLIC        P1
  D:00A0H         PUBLIC        P2
  D:00B0H         PUBLIC        P3
  D:00C0H         PUBLIC        P4
  D:00C8H         PUBLIC        P5
  D:00E8H         PUBLIC        P6
  D:00F8H         PUBLIC        P7
  D:00CEH         PUBLIC        SPCTL
  D:00A2H         PUBLIC        P_SW1
BL51 BANKED LINKER/LOCATER V6.22                                                      03/12/2022  18:23:31  PAGE 33


  D:00A8H         PUBLIC        IE
  D:00B8H         PUBLIC        IP
  D:00D8H         PUBLIC        CCON
  D:0098H         PUBLIC        SCON
  D:0088H         PUBLIC        TCON
  D:00F0H         PUBLIC        B
  C:60EAH         PUBLIC        SpiInit
  D:00E0H         PUBLIC        ACC
  C:60D3H         PUBLIC        _spi_write_read
  D:00CDH         PUBLIC        SPSTAT
  D:00D0H         PUBLIC        PSW
  D:00CFH         PUBLIC        SPDAT
  -------         PROC          SPIINIT
  C:60EAH         LINE#         3
  C:60EAH         LINE#         4
  C:60EAH         LINE#         5
  C:60EDH         LINE#         6
  C:60F0H         LINE#         8
  C:60F3H         LINE#         9
  C:60F6H         LINE#         10
  C:60F9H         LINE#         17
  C:60FCH         LINE#         24
  -------         ENDPROC       SPIINIT
  -------         PROC          _SPI_WRITE_READ
  X:0E48H         SYMBOL        dat
  C:60D3H         LINE#         28
  C:60D8H         LINE#         29
  C:60D8H         LINE#         33
  C:60DFH         LINE#         34
  C:60E4H         LINE#         36
  C:60E7H         LINE#         40
  C:60E9H         LINE#         41
  -------         ENDPROC       _SPI_WRITE_READ
  -------         ENDMOD        SPI

  -------         MODULE        TIMER
  C:0000H         SYMBOL        _ICE_DUMMY_
  X:0DDCH         PUBLIC        timer4Cnt
  D:0080H         PUBLIC        P0
  D:0090H         PUBLIC        P1
  D:00A0H         PUBLIC        P2
  D:00B0H         PUBLIC        P3
  D:00C0H         PUBLIC        P4
  D:00C8H         PUBLIC        P5
  D:00E8H         PUBLIC        P6
  C:5E36H         PUBLIC        timer2Isr
  D:00F8H         PUBLIC        P7
  C:4A4CH         PUBLIC        timer3Isr
  C:5F1EH         PUBLIC        timer4Isr
  D:00A8H         PUBLIC        IE
  D:00B8H         PUBLIC        IP
  X:0DDEH         PUBLIC        pWptr
  D:00D8H         PUBLIC        CCON
  B:0090H.0       PUBLIC        P10
  D:0098H         PUBLIC        SCON
  D:0089H         PUBLIC        TMOD
  D:0088H         PUBLIC        TCON
BL51 BANKED LINKER/LOCATER V6.22                                                      03/12/2022  18:23:31  PAGE 34


  B:0088H.3       PUBLIC        IE1
  D:00AFH         PUBLIC        IE2
  D:00F0H         PUBLIC        B
  D:008EH         PUBLIC        AUXR
  D:00E0H         PUBLIC        ACC
  C:0016H         PUBLIC        Timer3_start
  C:001EH         PUBLIC        Timer4_start
  B:00A8H.3       PUBLIC        ET1
  C:568EH         PUBLIC        Timer1_init
  C:542AH         PUBLIC        Timer2_init
  D:008DH         PUBLIC        TH1
  C:57B7H         PUBLIC        Timer3_init
  B:00A8H.2       PUBLIC        EX1
  D:00D6H         PUBLIC        T2H
  C:584AH         PUBLIC        Timer4_init
  D:00D4H         PUBLIC        T3H
  D:00D2H         PUBLIC        T4H
  D:008BH         PUBLIC        TL1
  D:00D7H         PUBLIC        T2L
  D:00D5H         PUBLIC        T3L
  D:00D3H         PUBLIC        T4L
  B:0088H.6       PUBLIC        TR1
  D:00D1H         PUBLIC        T4T3M
  C:001AH         PUBLIC        Timer3_stop
  C:005EH         PUBLIC        Timer4_stop
  D:008FH         PUBLIC        INT_CLKO
  D:00D0H         PUBLIC        PSW
  X:0DE1H         PUBLIC        timer2Cnt
  -------         PROC          TIMER1_INIT
  B:0020H.0       SYMBOL        irtEn
  X:0DF9H         SYMBOL        initValue
  X:0DFDH         SYMBOL        TMode
  B:0020H.1       SYMBOL        T1_1T
  B:0020H.2       SYMBOL        clkoutEn
  C:568EH         LINE#         40
  C:568EH         LINE#         41
  C:568EH         LINE#         42
  C:5690H         LINE#         44
  C:5694H         LINE#         46
  C:569CH         LINE#         47
  C:56ABH         LINE#         48
  C:56D4H         LINE#         49
  C:5715H         LINE#         51
[...]
  X:0CAFH         SYMBOL        mode
  X:0CB0H         SYMBOL        clk_sel
  -------         DO            
  X:0CB1H         SYMBOL        adcControl
  -------         ENDDO         
BL51 BANKED LINKER/LOCATER V6.22                                                      03/12/2022  18:23:31  PAGE 46


  C:5723H         LINE#         105
  C:5738H         LINE#         106
  C:5738H         LINE#         109
  C:5742H         LINE#         110
  C:5752H         LINE#         111
  C:5772H         LINE#         113
  C:5782H         LINE#         114
  C:5792H         LINE#         115
  C:579CH         LINE#         116
  C:57A6H         LINE#         117
  C:57B0H         LINE#         119
  C:57B6H         LINE#         120
  -------         ENDPROC       _AD7124_8_ADCCONTROLPRECONFIG
  -------         PROC          _AD7124_8_IOPRECONFIG
  X:0D28H         SYMBOL        gpio_dat
  X:0D29H         SYMBOL        gpio_ctrl
  X:0D2AH         SYMBOL        pdsw
  X:0D2CH         SYMBOL        gpio_iout
  X:0D2EH         SYMBOL        gpio_iout_ch
  X:0D2FH         SYMBOL        gpio_vbias
  -------         DO            
  X:0D31H         SYMBOL        ad7124_8_io
  -------         ENDDO         
  C:5CB3H         LINE#         122
  C:5CC5H         LINE#         123
  C:5CC5H         LINE#         125
  C:5CCFH         LINE#         126
  C:5CD9H         LINE#         127
  C:5CE9H         LINE#         128
  C:5CF9H         LINE#         129
  C:5D03H         LINE#         130
  C:5D13H         LINE#         132
  C:5D19H         LINE#         133
  -------         ENDPROC       _AD7124_8_IOPRECONFIG
  -------         PROC          AD7124_8_INIT_SINGLECHANNELCONFIGURATON
  X:0D8EH         SYMBOL        channel
  C:5DDFH         LINE#         135
  C:5DDFH         LINE#         136
  C:5DDFH         LINE#         137
  C:5DE7H         LINE#         138
  C:5E16H         LINE#         139
  C:5E2EH         LINE#         140
  C:5E35H         LINE#         141
  -------         ENDPROC       AD7124_8_INIT_SINGLECHANNELCONFIGURATON
  -------         PROC          AD7124_8_INIT_SETUP
  X:0CBFH         SYMBOL        setup
  C:519AH         LINE#         144
  C:519AH         LINE#         145
  C:519AH         LINE#         146
  C:51A2H         LINE#         147
  C:51D0H         LINE#         148
  C:51F8H         LINE#         149
  C:51FFH         LINE#         150
  C:5207H         LINE#         151
  C:5227H         LINE#         152
  C:523AH         LINE#         153
  C:5249H         LINE#         154
BL51 BANKED LINKER/LOCATER V6.22                                                      03/12/2022  18:23:31  PAGE 47


  C:5250H         LINE#         155
  -------         ENDPROC       AD7124_8_INIT_SETUP
  -------         PROC          AD7124_8_INIT_ADCCONTROL
  X:0D57H         SYMBOL        adcControl
  C:5AF5H         LINE#         159
  C:5AF5H         LINE#         160
  C:5AF5H         LINE#         161
  C:5AFDH         LINE#         162
  C:5B48H         LINE#         163
  C:5B60H         LINE#         164
  C:5B67H         LINE#         165
  -------         ENDPROC       AD7124_8_INIT_ADCCONTROL
  -------         PROC          AD7124_8_INIT_IO
  X:0D97H         SYMBOL        ad7124_8_io
  C:5A79H         LINE#         167
  C:5A79H         LINE#         168
  C:5A79H         LINE#         169
  C:5A7EH         LINE#         170
  C:5A8EH         LINE#         171
  C:5AABH         LINE#         172
  C:5AB3H         LINE#         173
  C:5ABAH         LINE#         174
  C:5AC6H         LINE#         175
  C:5AC6H         LINE#         176
  C:5ACBH         LINE#         177
  C:5ADEH         LINE#         178
  C:5AEDH         LINE#         179
  C:5AEDH         LINE#         180
  C:5AF4H         LINE#         181
  -------         ENDPROC       AD7124_8_INIT_IO
  -------         PROC          _ADC
  X:0E31H         SYMBOL        pChnReg
  C:479EH         LINE#         186
  C:47A9H         LINE#         187
  C:47A9H         LINE#         189
  C:47D2H         LINE#         190
  C:47D7H         LINE#         191
  C:4823H         LINE#         192
  C:4841H         LINE#         193
  C:488DH         LINE#         194
  C:48ABH         LINE#         195
  C:48F7H         LINE#         197
  C:490BH         LINE#         198
  -------         ENDPROC       _ADC
  -------         PROC          _INTERNALFULLSCALECALIBRATE
  X:0E34H         SYMBOL        setup
  C:4492H         LINE#         221
  C:449DH         LINE#         222
  C:449DH         LINE#         225
  C:44B5H         LINE#         226
  C:44BAH         LINE#         227
  C:44BFH         LINE#         228
  C:44C4H         LINE#         230
  C:44DCH         LINE#         231
  C:44E1H         LINE#         232
  C:44E6H         LINE#         233
  C:44EBH         LINE#         236
BL51 BANKED LINKER/LOCATER V6.22                                                      03/12/2022  18:23:31  PAGE 48


  C:44F0H         LINE#         237
  C:44F5H         LINE#         238
  C:44FAH         LINE#         239
  C:4501H         LINE#         241
  C:4504H         LINE#         244
  C:4520H         LINE#         246
  C:453DH         LINE#         247
  C:455BH         LINE#         248
  C:45A7H         LINE#         249
  C:45C5H         LINE#         250
  C:4611H         LINE#         251
  C:4618H         LINE#         252
  -------         ENDPROC       _INTERNALFULLSCALECALIBRATE
  -------         PROC          _INTERNALZEROSCALECALIBRATE
  X:0E37H         SYMBOL        setup
  C:490CH         LINE#         254
  C:4917H         LINE#         255
  C:4917H         LINE#         257
  C:491CH         LINE#         258
  C:4921H         LINE#         259
  C:4926H         LINE#         260
  C:492DH         LINE#         261
  C:4930H         LINE#         265
  C:494CH         LINE#         266
  C:4953H         LINE#         267
  C:4970H         LINE#         268
  C:498EH         LINE#         269
  C:49DAH         LINE#         270
  C:49F8H         LINE#         271
  C:4A44H         LINE#         272
  C:4A4BH         LINE#         273
  -------         ENDPROC       _INTERNALZEROSCALECALIBRATE
  -------         ENDMOD        AD7124_8

  -------         MODULE        DAC7611
  C:0000H         SYMBOL        _ICE_DUMMY_
  D:0080H         PUBLIC        P0
  D:0090H         PUBLIC        P1
  D:00A0H         PUBLIC        P2
  D:00B0H         PUBLIC        P3
  D:00C0H         PUBLIC        P4
  D:00C8H         PUBLIC        P5
  D:00E8H         PUBLIC        P6
  D:00F8H         PUBLIC        P7
  D:00A8H         PUBLIC        IE
  D:00B8H         PUBLIC        IP
  B:00B0H.6       PUBLIC        DacLD
  C:6067H         PUBLIC        _N_NOP
  B:0090H.1       PUBLIC        DacCS
  D:00D8H         PUBLIC        CCON
  D:0098H         PUBLIC        SCON
  D:0088H         PUBLIC        TCON
  D:00F0H         PUBLIC        B
  D:00E0H         PUBLIC        ACC
  C:54C5H         PUBLIC        _DAC
  B:0090H.2       PUBLIC        DacCLK
  B:00B0H.7       PUBLIC        DacSDI
BL51 BANKED LINKER/LOCATER V6.22                                                      03/12/2022  18:23:31  PAGE 49


  D:00D0H         PUBLIC        PSW
  -------         PROC          _DAC
  X:0E3AH         SYMBOL        dat
  -------         DO            
  X:0E3CH         SYMBOL        nCLK
  -------         ENDDO         
  C:54C5H         LINE#         3
  C:54CDH         LINE#         4
  C:54CDH         LINE#         5
  C:54D2H         LINE#         6
  C:54D4H         LINE#         7
  C:54DBH         LINE#         8
  C:54DDH         LINE#         9
  C:54E4H         LINE#         12
  C:54EFH         LINE#         13
  C:54EFH         LINE#         14
  C:54F1H         LINE#         15
  C:54F8H         LINE#         16
  C:5504H         LINE#         17
  C:5504H         LINE#         18
  C:5506H         LINE#         19
  C:5508H         LINE#         21
  C:5508H         LINE#         22
  C:550AH         LINE#         23
  C:550AH         LINE#         24
  C:5521H         LINE#         25
  C:5528H         LINE#         26
  C:552AH         LINE#         27
  C:5531H         LINE#         28
  C:5539H         LINE#         29
  C:553BH         LINE#         30
  C:5542H         LINE#         31
  C:5544H         LINE#         32
  C:554BH         LINE#         33
  C:554DH         LINE#         34
  C:5554H         LINE#         35
  C:5556H         LINE#         36
  C:555DH         LINE#         37
  C:555FH         LINE#         38
  -------         ENDPROC       _DAC
  -------         PROC          _N_NOP
  X:0E42H         SYMBOL        n
  C:6067H         LINE#         39
  C:606FH         LINE#         40
  C:606FH         LINE#         41
  C:6081H         LINE#         42
  C:6081H         LINE#         43
  C:6082H         LINE#         44
  C:6084H         LINE#         45
  -------         ENDPROC       _N_NOP
  -------         ENDMOD        DAC7611

  -------         MODULE        DELAY
  C:0000H         SYMBOL        _ICE_DUMMY_
  D:0080H         PUBLIC        P0
  D:0090H         PUBLIC        P1
  D:00A0H         PUBLIC        P2
BL51 BANKED LINKER/LOCATER V6.22                                                      03/12/2022  18:23:31  PAGE 50


  D:00B0H         PUBLIC        P3
  D:00C0H         PUBLIC        P4
  D:00C8H         PUBLIC        P5
  D:00E8H         PUBLIC        P6
  D:00F8H         PUBLIC        P7
  C:6016H         PUBLIC        _exact_delay
  C:5014H         PUBLIC        _delay_X_ms
  D:00A8H         PUBLIC        IE
  C:60A0H         PUBLIC        _delay_X_us
  D:00B8H         PUBLIC        IP
  D:00D8H         PUBLIC        CCON
  D:0098H         PUBLIC        SCON
  D:0088H         PUBLIC        TCON
  D:00F0H         PUBLIC        B
  D:00E0H         PUBLIC        ACC
  D:00D0H         PUBLIC        PSW
  -------         PROC          _EXACT_DELAY
  X:0E3DH         SYMBOL        a
  X:0E3EH         SYMBOL        b
  X:0E3FH         SYMBOL        c
  C:6016H         LINE#         3
  C:6025H         LINE#         4
  C:6025H         LINE#         6
  C:6025H         LINE#         8
  C:6025H         LINE#         9
  C:602FH         LINE#         11
  C:6039H         LINE#         12
  C:6043H         LINE#         13
  -------         ENDPROC       _EXACT_DELAY
  -------         PROC          _DELAY_X_MS
  X:0DA0H         SYMBOL        x
  -------         DO            
  X:0DA2H         SYMBOL        A
  X:0DA3H         SYMBOL        B
  X:0DA4H         SYMBOL        C
  X:0DA5H         SYMBOL        T
  -------         ENDDO         
  C:5014H         LINE#         15
  C:501CH         LINE#         16
  C:501CH         LINE#         19
  C:5047H         LINE#         21
  C:5078H         LINE#         22
  C:50A9H         LINE#         23
  C:50CCH         LINE#         25
  C:50DEH         LINE#         26
  -------         ENDPROC       _DELAY_X_MS
  -------         PROC          _DELAY_X_US
  X:0E44H         SYMBOL        x
  C:60A0H         LINE#         28
  C:60A8H         LINE#         29
  C:60A8H         LINE#         31
  C:60BAH         LINE#         33
  -------         ENDPROC       _DELAY_X_US
  -------         ENDMOD        DELAY

  -------         MODULE        MYMATH
  C:0000H         SYMBOL        _ICE_DUMMY_
BL51 BANKED LINKER/LOCATER V6.22                                                      03/12/2022  18:23:31  PAGE 51


  C:3DC0H         PUBLIC        _Q_rsqrt
  -------         PROC          _Q_RSQRT
  X:0CDBH         SYMBOL        number
  -------         DO            
  X:0CDFH         SYMBOL        i
  X:0CE3H         SYMBOL        x2
  X:0CE7H         SYMBOL        y
  X:0CEBH         SYMBOL        threehalfs
  -------         ENDDO         
  C:3DC0H         LINE#         3
  C:3DC6H         LINE#         4
  C:3DC6H         LINE#         7
  C:3DD0H         LINE#         9
  C:3DEFH         LINE#         10
  C:3E03H         LINE#         11
  C:3E17H         LINE#         12
  C:3E49H         LINE#         13
  C:3E5DH         LINE#         14
  C:3EBDH         LINE#         15
  C:3F1DH         LINE#         16
  C:3F7DH         LINE#         18
  C:3F9CH         LINE#         19
  -------         ENDPROC       _Q_RSQRT
  -------         ENDMOD        MYMATH

  -------         MODULE        ?C?FPADD
  C:013DH         PUBLIC        ?C?FPADD
  C:0139H         PUBLIC        ?C?FPSUB
  -------         ENDMOD        ?C?FPADD

  -------         MODULE        ?C?FPMUL
  C:022EH         PUBLIC        ?C?FPMUL
  -------         ENDMOD        ?C?FPMUL

  -------         MODULE        ?C?FPDIV
  C:0337H         PUBLIC        ?C?FPDIV
  -------         ENDMOD        ?C?FPDIV

  -------         MODULE        ?C?FPNEG
  C:03D4H         PUBLIC        ?C?FPNEG
  -------         ENDMOD        ?C?FPNEG

  -------         MODULE        ?C?FCAST
  C:03EFH         PUBLIC        ?C?FCASTC
  C:03EAH         PUBLIC        ?C?FCASTI
  C:03E5H         PUBLIC        ?C?FCASTL
  -------         ENDMOD        ?C?FCAST

  -------         MODULE        ?C?CASTF
  C:0423H         PUBLIC        ?C?CASTF
  -------         ENDMOD        ?C?CASTF

  -------         MODULE        ?C?COPY
  C:0574H         PUBLIC        ?C?COPY
  -------         ENDMOD        ?C?COPY

  -------         MODULE        ?C?CLDPTR
BL51 BANKED LINKER/LOCATER V6.22                                                      03/12/2022  18:23:31  PAGE 52


  C:059AH         PUBLIC        ?C?CLDPTR
  -------         ENDMOD        ?C?CLDPTR

  -------         MODULE        ?C?CLDOPTR
  C:05B3H         PUBLIC        ?C?CLDOPTR
  -------         ENDMOD        ?C?CLDOPTR

  -------         MODULE        ?C?CLDIOPTR
  C:05E0H         PUBLIC        ?C?CLDIOPTR
  -------         ENDMOD        ?C?CLDIOPTR

  -------         MODULE        ?C?CILDOPTR
  C:0617H         PUBLIC        ?C?CILDOPTR
  -------         ENDMOD        ?C?CILDOPTR

  -------         MODULE        ?C?CSTPTR
  C:064AH         PUBLIC        ?C?CSTPTR
  -------         ENDMOD        ?C?CSTPTR

  -------         MODULE        ?C?CSTOPTR
  C:065CH         PUBLIC        ?C?CSTOPTR
  -------         ENDMOD        ?C?CSTOPTR

  -------         MODULE        ?C?IILDX
  C:067EH         PUBLIC        ?C?IILDX
  -------         ENDMOD        ?C?IILDX

  -------         MODULE        ?C?ILDIX
  C:0694H         PUBLIC        ?C?ILDIX
  -------         ENDMOD        ?C?ILDIX

  -------         MODULE        ?C?ILDPTR
  C:06AAH         PUBLIC        ?C?ILDPTR
  -------         ENDMOD        ?C?ILDPTR

  -------         MODULE        ?C?ILDOPTR
  C:06D5H         PUBLIC        ?C?ILDOPTR
  -------         ENDMOD        ?C?ILDOPTR

  -------         MODULE        ?C?ISTPTR
  C:070DH         PUBLIC        ?C?ISTPTR
  -------         ENDMOD        ?C?ISTPTR

  -------         MODULE        ?C?ISTOPTR
  C:072CH         PUBLIC        ?C?ISTOPTR
  -------         ENDMOD        ?C?ISTOPTR

  -------         MODULE        ?C?ULDIV
  C:0795H         PUBLIC        ?C?ULDIV
  -------         ENDMOD        ?C?ULDIV

  -------         MODULE        ?C?LNEG
  C:0827H         PUBLIC        ?C?LNEG
  -------         ENDMOD        ?C?LNEG

  -------         MODULE        ?C?ULSHR
  C:0835H         PUBLIC        ?C?ULSHR
BL51 BANKED LINKER/LOCATER V6.22                                                      03/12/2022  18:23:31  PAGE 53


  -------         ENDMOD        ?C?ULSHR

  -------         MODULE        ?C?SLSHR
  C:0848H         PUBLIC        ?C?SLSHR
  -------         ENDMOD        ?C?SLSHR

  -------         MODULE        ?C?LSHL
  C:085CH         PUBLIC        ?C?LSHL
  -------         ENDMOD        ?C?LSHL

  -------         MODULE        ?C?LLDPTR
  C:086FH         PUBLIC        ?C?LLDPTR
  -------         ENDMOD        ?C?LLDPTR

  -------         MODULE        ?C?LLDOPTR
  C:088FH         PUBLIC        ?C?LLDOPTR
  -------         ENDMOD        ?C?LLDOPTR

  -------         MODULE        ?C?LSTPTR
  C:08BFH         PUBLIC        ?C?LSTPTR
  -------         ENDMOD        ?C?LSTPTR

  -------         MODULE        ?C?LSTOPTR
  C:08D9H         PUBLIC        ?C?LSTOPTR
  -------         ENDMOD        ?C?LSTOPTR

  -------         MODULE        ?C?LLDCODE
  C:08FDH         PUBLIC        ?C?LLDCODE
  -------         ENDMOD        ?C?LLDCODE

  -------         MODULE        ?C?LLDPTR0
  C:090DH         PUBLIC        ?C?LLDPTR0
  -------         ENDMOD        ?C?LLDPTR0

  -------         MODULE        ?C?LLDOPTR0
  C:092DH         PUBLIC        ?C?LLDOPTR0
  -------         ENDMOD        ?C?LLDOPTR0

  -------         MODULE        ?C?LSTXDATA
  C:095DH         PUBLIC        ?C?LSTXDATA
  -------         ENDMOD        ?C?LSTXDATA

  -------         MODULE        ?C?LSTKXDATA
  C:0969H         PUBLIC        ?C?LSTKXDATA
  -------         ENDMOD        ?C?LSTKXDATA

  -------         MODULE        ?C?PLDPTR
  C:099AH         PUBLIC        ?C?PLDPTR
  -------         ENDMOD        ?C?PLDPTR

  -------         MODULE        ?C?CCASE
  C:09BAH         PUBLIC        ?C?CCASE
  -------         ENDMOD        ?C?CCASE

  -------         MODULE        ?C?ICASE
  C:09E0H         PUBLIC        ?C?ICASE
  -------         ENDMOD        ?C?ICASE
BL51 BANKED LINKER/LOCATER V6.22                                                      03/12/2022  18:23:31  PAGE 54



  -------         MODULE        ?C?MEMSET
  C:0A0DH         PUBLIC        ?C?MEMSET
  -------         ENDMOD        ?C?MEMSET

  -------         MODULE        ?C?LLDIDATA
  C:0A39H         PUBLIC        ?C?LLDIDATA
  -------         ENDMOD        ?C?LLDIDATA

  -------         MODULE        ?C?LLDXDATA
  C:0A45H         PUBLIC        ?C?LLDXDATA
  -------         ENDMOD        ?C?LLDXDATA

  -------         MODULE        ?C?LLDPDATA
  C:0A51H         PUBLIC        ?C?LLDPDATA
  -------         ENDMOD        ?C?LLDPDATA

  -------         MODULE        ?C?LLDIDATA0
  C:0A5DH         PUBLIC        ?C?LLDIDATA0
  -------         ENDMOD        ?C?LLDIDATA0

  -------         MODULE        ?C?LLDXDATA0
  C:0A6AH         PUBLIC        ?C?LLDXDATA0
  -------         ENDMOD        ?C?LLDXDATA0

  -------         MODULE        ?C?LLDPDATA0
  C:0A76H         PUBLIC        ?C?LLDPDATA0
  -------         ENDMOD        ?C?LLDPDATA0

  -------         MODULE        ?C?LLDCODE0
  C:0A83H         PUBLIC        ?C?LLDCODE0
  -------         ENDMOD        ?C?LLDCODE0

  -------         MODULE        ?C?LSTIDATA
  C:0A93H         PUBLIC        ?C?LSTIDATA
  -------         ENDMOD        ?C?LSTIDATA

  -------         MODULE        ?C?LSTPDATA
  C:0A9FH         PUBLIC        ?C?LSTPDATA
  -------         ENDMOD        ?C?LSTPDATA

  -------         MODULE        ?C?PLDIDATA
  C:0AABH         PUBLIC        ?C?PLDIDATA
  -------         ENDMOD        ?C?PLDIDATA

  -------         MODULE        ?C?PLDXDATA
  C:0AB4H         PUBLIC        ?C?PLDXDATA
  -------         ENDMOD        ?C?PLDXDATA

  -------         MODULE        ?C?PLDPDATA
  C:0ABDH         PUBLIC        ?C?PLDPDATA
  -------         ENDMOD        ?C?PLDPDATA

  -------         MODULE        ?C?PLDCODE
  C:0AC6H         PUBLIC        ?C?PLDCODE
  -------         ENDMOD        ?C?PLDCODE

BL51 BANKED LINKER/LOCATER V6.22                                                      03/12/2022  18:23:31  PAGE 55


*** WARNING L16: UNCALLED SEGMENT, IGNORED FOR OVERLAY PROCESS
    SEGMENT: ?PR?TIMER4_START?TIMER

*** WARNING L16: UNCALLED SEGMENT, IGNORED FOR OVERLAY PROCESS
    SEGMENT: ?PR?TIMER4_STOP?TIMER

*** WARNING L16: UNCALLED SEGMENT, IGNORED FOR OVERLAY PROCESS
    SEGMENT: ?PR?_ADC_INIT?ADC

*** WARNING L16: UNCALLED SEGMENT, IGNORED FOR OVERLAY PROCESS
    SEGMENT: ?PR?_ADC_GET?ADC

*** WARNING L16: UNCALLED SEGMENT, IGNORED FOR OVERLAY PROCESS
    SEGMENT: ?PR?_IAPWRITE?EEPROM

Program Size: data=11.2 xdata=3658 code=24841
LINK/LOCATE RUN COMPLETE.  5 WARNING(S),  0 ERROR(S)
